Archive member included to satisfy reference by file (symbol)

c:/nxp/mcuxpressoide_11.9.1_2170/ide/tools/bin/../lib/gcc/arm-none-eabi/12.3.1/thumb/v8-m.main+fp/hard\libc_nano.a(libc_a-abs.o)
                              CMakeFiles/lvgl_guider.elf.dir/C_/Users/admin/Desktop/Soubory/PraxeNXP/praxe-nxp/projekt/sdk/Core/lvgl/lvgl/src/extra/libs/qrcode/qrcodegen.c.obj (abs)
c:/nxp/mcuxpressoide_11.9.1_2170/ide/tools/bin/../lib/gcc/arm-none-eabi/12.3.1/thumb/v8-m.main+fp/hard\libc_nano.a(libc_a-exit.o)
                              c:/nxp/mcuxpressoide_11.9.1_2170/ide/tools/bin/../lib/gcc/arm-none-eabi/12.3.1/thumb/v8-m.main+fp/hard/crt0.o (exit)
c:/nxp/mcuxpressoide_11.9.1_2170/ide/tools/bin/../lib/gcc/arm-none-eabi/12.3.1/thumb/v8-m.main+fp/hard\libc_nano.a(libc_a-labs.o)
                              CMakeFiles/lvgl_guider.elf.dir/C_/Users/admin/Desktop/Soubory/PraxeNXP/praxe-nxp/projekt/sdk/Core/lvgl/lvgl/src/extra/libs/qrcode/qrcodegen.c.obj (labs)
c:/nxp/mcuxpressoide_11.9.1_2170/ide/tools/bin/../lib/gcc/arm-none-eabi/12.3.1/thumb/v8-m.main+fp/hard\libc_nano.a(libc_a-malloc.o)
                              CMakeFiles/lvgl_guider.elf.dir/C_/Users/admin/Desktop/Soubory/PraxeNXP/praxe-nxp/projekt/sdk/Core/drivers/fsl_common.c.obj (malloc)
c:/nxp/mcuxpressoide_11.9.1_2170/ide/tools/bin/../lib/gcc/arm-none-eabi/12.3.1/thumb/v8-m.main+fp/hard\libc_nano.a(libc_a-mallocr.o)
                              c:/nxp/mcuxpressoide_11.9.1_2170/ide/tools/bin/../lib/gcc/arm-none-eabi/12.3.1/thumb/v8-m.main+fp/hard\libc_nano.a(libc_a-malloc.o) (_malloc_r)
c:/nxp/mcuxpressoide_11.9.1_2170/ide/tools/bin/../lib/gcc/arm-none-eabi/12.3.1/thumb/v8-m.main+fp/hard\libc_nano.a(libc_a-mlock.o)
                              c:/nxp/mcuxpressoide_11.9.1_2170/ide/tools/bin/../lib/gcc/arm-none-eabi/12.3.1/thumb/v8-m.main+fp/hard\libc_nano.a(libc_a-mallocr.o) (__malloc_lock)
c:/nxp/mcuxpressoide_11.9.1_2170/ide/tools/bin/../lib/gcc/arm-none-eabi/12.3.1/thumb/v8-m.main+fp/hard\libc_nano.a(libc_a-strtoul.o)
                              CMakeFiles/lvgl_guider.elf.dir/C_/Users/admin/Desktop/Soubory/PraxeNXP/praxe-nxp/projekt/sdk/Core/utilities/fsl_str.c.obj (strtoul)
c:/nxp/mcuxpressoide_11.9.1_2170/ide/tools/bin/../lib/gcc/arm-none-eabi/12.3.1/thumb/v8-m.main+fp/hard\libc_nano.a(libc_a-ctype_.o)
                              c:/nxp/mcuxpressoide_11.9.1_2170/ide/tools/bin/../lib/gcc/arm-none-eabi/12.3.1/thumb/v8-m.main+fp/hard\libc_nano.a(libc_a-strtoul.o) (_ctype_)
c:/nxp/mcuxpressoide_11.9.1_2170/ide/tools/bin/../lib/gcc/arm-none-eabi/12.3.1/thumb/v8-m.main+fp/hard\libc_nano.a(libc_a-findfp.o)
                              c:/nxp/mcuxpressoide_11.9.1_2170/ide/tools/bin/../lib/gcc/arm-none-eabi/12.3.1/thumb/v8-m.main+fp/hard\libc_nano.a(libc_a-exit.o) (__stdio_exit_handler)
c:/nxp/mcuxpressoide_11.9.1_2170/ide/tools/bin/../lib/gcc/arm-none-eabi/12.3.1/thumb/v8-m.main+fp/hard\libc_nano.a(libc_a-fwalk.o)
                              c:/nxp/mcuxpressoide_11.9.1_2170/ide/tools/bin/../lib/gcc/arm-none-eabi/12.3.1/thumb/v8-m.main+fp/hard\libc_nano.a(libc_a-findfp.o) (_fwalk_sglue)
c:/nxp/mcuxpressoide_11.9.1_2170/ide/tools/bin/../lib/gcc/arm-none-eabi/12.3.1/thumb/v8-m.main+fp/hard\libc_nano.a(libc_a-sprintf.o)
                              CMakeFiles/lvgl_guider.elf.dir/C_/Users/admin/Desktop/Soubory/PraxeNXP/praxe-nxp/projekt/sdk/Core/freertos/freertos-kernel/tasks.c.obj (sprintf)
c:/nxp/mcuxpressoide_11.9.1_2170/ide/tools/bin/../lib/gcc/arm-none-eabi/12.3.1/thumb/v8-m.main+fp/hard\libc_nano.a(libc_a-stdio.o)
                              c:/nxp/mcuxpressoide_11.9.1_2170/ide/tools/bin/../lib/gcc/arm-none-eabi/12.3.1/thumb/v8-m.main+fp/hard\libc_nano.a(libc_a-findfp.o) (__sread)
c:/nxp/mcuxpressoide_11.9.1_2170/ide/tools/bin/../lib/gcc/arm-none-eabi/12.3.1/thumb/v8-m.main+fp/hard\libc_nano.a(libc_a-memcmp.o)
                              CMakeFiles/lvgl_guider.elf.dir/C_/Users/admin/Desktop/Soubory/PraxeNXP/praxe-nxp/projekt/sdk/Core/lvgl/lvgl/src/font/lv_font_loader.c.obj (memcmp)
c:/nxp/mcuxpressoide_11.9.1_2170/ide/tools/bin/../lib/gcc/arm-none-eabi/12.3.1/thumb/v8-m.main+fp/hard\libc_nano.a(libc_a-memmove.o)
                              CMakeFiles/lvgl_guider.elf.dir/C_/Users/admin/Desktop/Soubory/PraxeNXP/praxe-nxp/projekt/sdk/Core/lvgl/lvgl/src/extra/libs/qrcode/qrcodegen.c.obj (memmove)
c:/nxp/mcuxpressoide_11.9.1_2170/ide/tools/bin/../lib/gcc/arm-none-eabi/12.3.1/thumb/v8-m.main+fp/hard\libc_nano.a(libc_a-memset.o)
                              c:/nxp/mcuxpressoide_11.9.1_2170/ide/tools/bin/../lib/gcc/arm-none-eabi/12.3.1/thumb/v8-m.main+fp/hard/crt0.o (memset)
c:/nxp/mcuxpressoide_11.9.1_2170/ide/tools/bin/../lib/gcc/arm-none-eabi/12.3.1/thumb/v8-m.main+fp/hard\libc_nano.a(libc_a-strchr.o)
                              CMakeFiles/lvgl_guider.elf.dir/C_/Users/admin/Desktop/Soubory/PraxeNXP/praxe-nxp/projekt/sdk/Core/lvgl/lvgl/src/extra/libs/qrcode/qrcodegen.c.obj (strchr)
[...]
Memory Configuration

Name             Origin             Length             Attributes
m_interrupts     0x00000000         0x00000400         xr
m_text           0x00000400         0x000bfc00         xr
m_core1_image    0x000c0000         0x00040000         xr
m_data           0x20000000         0x0004e000         rw
rpmsg_sh_mem     0x2004e000         0x00000000         rw
m_flash1         0x00100000         0x00100000         xr
m_sramx          0x04000000         0x00018000         rw
m_flash_config   0x80000400         0x00000200         xr
m_usb_sram       0x400ba000         0x00001000         rw
*default*        0x00000000         0xffffffff

Linker script and memory map

LOAD c:/nxp/mcuxpressoide_11.9.1_2170/ide/tools/bin/../lib/gcc/arm-none-eabi/12.3.1/thumb/v8-m.main+fp/hard/crti.o
LOAD c:/nxp/mcuxpressoide_11.9.1_2170/ide/tools/bin/../lib/gcc/arm-none-eabi/12.3.1/thumb/v8-m.main+fp/hard/crtbegin.o
LOAD c:/nxp/mcuxpressoide_11.9.1_2170/ide/tools/bin/../lib/gcc/arm-none-eabi/12.3.1/thumb/v8-m.main+fp/hard/crt0.o
                0x00000800                        __stack_size__ = 0x800
LOAD CMakeFiles/lvgl_guider.elf.dir/C_/Users/admin/Desktop/Soubory/PraxeNXP/praxe-nxp/projekt/sdk/Core/board/board.c.obj
LOAD CMakeFiles/lvgl_guider.elf.dir/C_/Users/admin/Desktop/Soubory/PraxeNXP/praxe-nxp/projekt/sdk/Core/board/clock_config.c.obj
LOAD CMakeFiles/lvgl_guider.elf.dir/C_/Users/admin/Desktop/Soubory/PraxeNXP/praxe-nxp/projekt/sdk/Core/board/lvgl_support.c.obj
LOAD CMakeFiles/lvgl_guider.elf.dir/C_/Users/admin/Desktop/Soubory/PraxeNXP/praxe-nxp/projekt/sdk/Core/board/pin_mux.c.obj
LOAD CMakeFiles/lvgl_guider.elf.dir/C_/Users/admin/Desktop/Soubory/PraxeNXP/praxe-nxp/projekt/sdk/Core/source/lvgl_demo_utils.c.obj
LOAD CMakeFiles/lvgl_guider.elf.dir/C_/Users/admin/Desktop/Soubory/PraxeNXP/praxe-nxp/projekt/sdk/Core/source/lvgl_freertos.c.obj
LOAD CMakeFiles/lvgl_guider.elf.dir/C_/Users/admin/Desktop/Soubory/PraxeNXP/praxe-nxp/projekt/sdk/Core/source/lvgl_guider.c.obj
LOAD CMakeFiles/lvgl_guider.elf.dir/C_/Users/admin/Desktop/Soubory/PraxeNXP/praxe-nxp/projekt/custom/custom.c.obj
LOAD CMakeFiles/lvgl_guider.elf.dir/C_/Users/admin/Desktop/Soubory/PraxeNXP/praxe-nxp/projekt/generated/events_init.c.obj
LOAD CMakeFiles/lvgl_guider.elf.dir/C_/Users/admin/Desktop/Soubory/PraxeNXP/praxe-nxp/projekt/generated/gui_guider.c.obj
LOAD CMakeFiles/lvgl_guider.elf.dir/C_/Users/admin/Desktop/Soubory/PraxeNXP/praxe-nxp/projekt/generated/guider_fonts/lv_font_ArchitectsDaughter_12.c.obj
LOAD CMakeFiles/lvgl_guider.elf.dir/C_/Users/admin/Desktop/Soubory/PraxeNXP/praxe-nxp/projekt/generated/guider_fonts/lv_font_ArchitectsDaughter_34.c.obj
LOAD CMakeFiles/lvgl_guider.elf.dir/C_/Users/admin/Desktop/Soubory/PraxeNXP/praxe-nxp/projekt/generated/guider_fonts/lv_font_ArchitectsDaughter_40.c.obj
LOAD CMakeFiles/lvgl_guider.elf.dir/C_/Users/admin/Desktop/Soubory/PraxeNXP/praxe-nxp/projekt/generated/guider_fonts/lv_font_SourceHanSerifSC_Regular_18.c.obj
LOAD CMakeFiles/lvgl_guider.elf.dir/C_/Users/admin/Desktop/Soubory/PraxeNXP/praxe-nxp/projekt/generated/guider_fonts/lv_font_SourceHanSerifSC_Regular_20.c.obj
LOAD CMakeFiles/lvgl_guider.elf.dir/C_/Users/admin/Desktop/Soubory/PraxeNXP/praxe-nxp/projekt/generated/guider_fonts/lv_font_montserratMedium_10.c.obj
LOAD CMakeFiles/lvgl_guider.elf.dir/C_/Users/admin/Desktop/Soubory/PraxeNXP/praxe-nxp/projekt/generated/guider_fonts/lv_font_montserratMedium_11.c.obj
LOAD CMakeFiles/lvgl_guider.elf.dir/C_/Users/admin/Desktop/Soubory/PraxeNXP/praxe-nxp/projekt/generated/guider_fonts/lv_font_montserratMedium_12.c.obj
LOAD CMakeFiles/lvgl_guider.elf.dir/C_/Users/admin/Desktop/Soubory/PraxeNXP/praxe-nxp/projekt/generated/guider_fonts/lv_font_montserratMedium_13.c.obj
LOAD CMakeFiles/lvgl_guider.elf.dir/C_/Users/admin/Desktop/Soubory/PraxeNXP/praxe-nxp/projekt/generated/guider_fonts/lv_font_montserratMedium_16.c.obj
LOAD CMakeFiles/lvgl_guider.elf.dir/C_/Users/admin/Desktop/Soubory/PraxeNXP/praxe-nxp/projekt/generated/guider_fonts/lv_font_montserratMedium_20.c.obj
LOAD CMakeFiles/lvgl_guider.elf.dir/C_/Users/admin/Desktop/Soubory/PraxeNXP/praxe-nxp/projekt/generated/guider_fonts/lv_font_montserratMedium_26.c.obj
LOAD CMakeFiles/lvgl_guider.elf.dir/C_/Users/admin/Desktop/Soubory/PraxeNXP/praxe-nxp/projekt/generated/guider_fonts/lv_font_montserratMedium_35.c.obj
LOAD CMakeFiles/lvgl_guider.elf.dir/C_/Users/admin/Desktop/Soubory/PraxeNXP/praxe-nxp/projekt/generated/guider_fonts/lv_font_montserratMedium_8.c.obj
LOAD CMakeFiles/lvgl_guider.elf.dir/C_/Users/admin/Desktop/Soubory/PraxeNXP/praxe-nxp/projekt/generated/images/_arrow_right_4_alpha_38x34.c.obj
LOAD CMakeFiles/lvgl_guider.elf.dir/C_/Users/admin/Desktop/Soubory/PraxeNXP/praxe-nxp/projekt/generated/images/_arrow_right_4_alpha_41x34.c.obj
LOAD CMakeFiles/lvgl_guider.elf.dir/C_/Users/admin/Desktop/Soubory/PraxeNXP/praxe-nxp/projekt/generated/images/_battery_0_alpha_30x25.c.obj
LOAD CMakeFiles/lvgl_guider.elf.dir/C_/Users/admin/Desktop/Soubory/PraxeNXP/praxe-nxp/projekt/generated/images/_battery_2_alpha_30x25.c.obj
LOAD CMakeFiles/lvgl_guider.elf.dir/C_/Users/admin/Desktop/Soubory/PraxeNXP/praxe-nxp/projekt/generated/images/_battery_3_alpha_30x25.c.obj
LOAD CMakeFiles/lvgl_guider.elf.dir/C_/Users/admin/Desktop/Soubory/PraxeNXP/praxe-nxp/projekt/generated/images/_battery_4_alpha_30x25.c.obj
LOAD CMakeFiles/lvgl_guider.elf.dir/C_/Users/admin/Desktop/Soubory/PraxeNXP/praxe-nxp/projekt/generated/images/_battery_5_alpha_29x25.c.obj
LOAD CMakeFiles/lvgl_guider.elf.dir/C_/Users/admin/Desktop/Soubory/PraxeNXP/praxe-nxp/projekt/generated/images/_battery_5_alpha_30x25.c.obj
LOAD CMakeFiles/lvgl_guider.elf.dir/C_/Users/admin/Desktop/Soubory/PraxeNXP/praxe-nxp/projekt/generated/images/_bell_alpha_25x25.c.obj
LOAD CMakeFiles/lvgl_guider.elf.dir/C_/Users/admin/Desktop/Soubory/PraxeNXP/praxe-nxp/projekt/generated/images/_bell_alpha_50x50.c.obj
LOAD CMakeFiles/lvgl_guider.elf.dir/C_/Users/admin/Desktop/Soubory/PraxeNXP/praxe-nxp/projekt/generated/images/_bell_slash_alpha_25x25.c.obj
LOAD CMakeFiles/lvgl_guider.elf.dir/C_/Users/admin/Desktop/Soubory/PraxeNXP/praxe-nxp/projekt/generated/images/_bell_slash_alpha_50x50.c.obj
LOAD CMakeFiles/lvgl_guider.elf.dir/C_/Users/admin/Desktop/Soubory/PraxeNXP/praxe-nxp/projekt/generated/images/_bluetooth_alpha_25x25.c.obj
LOAD CMakeFiles/lvgl_guider.elf.dir/C_/Users/admin/Desktop/Soubory/PraxeNXP/praxe-nxp/projekt/generated/images/_bluetooth_alpha_50x50.c.obj
LOAD CMakeFiles/lvgl_guider.elf.dir/C_/Users/admin/Desktop/Soubory/PraxeNXP/praxe-nxp/projekt/generated/images/_bluetooth_slash_alpha_50x50.c.obj
LOAD CMakeFiles/lvgl_guider.elf.dir/C_/Users/admin/Desktop/Soubory/PraxeNXP/praxe-nxp/projekt/generated/images/_charge_battery_alpha_30x25.c.obj
LOAD CMakeFiles/lvgl_guider.elf.dir/C_/Users/admin/Desktop/Soubory/PraxeNXP/praxe-nxp/projekt/generated/images/_power_red_alpha_50x50.c.obj
LOAD CMakeFiles/lvgl_guider.elf.dir/C_/Users/admin/Desktop/Soubory/PraxeNXP/praxe-nxp/projekt/generated/images/_reload_alpha_27x27.c.obj
LOAD CMakeFiles/lvgl_guider.elf.dir/C_/Users/admin/Desktop/Soubory/PraxeNXP/praxe-nxp/projekt/generated/images/_sound_loud_alpha_25x25.c.obj
LOAD CMakeFiles/lvgl_guider.elf.dir/C_/Users/admin/Desktop/Soubory/PraxeNXP/praxe-nxp/projekt/generated/images/_sound_loud_alpha_50x50.c.obj
LOAD CMakeFiles/lvgl_guider.elf.dir/C_/Users/admin/Desktop/Soubory/PraxeNXP/praxe-nxp/projekt/generated/images/_sound_off_alpha_25x25.c.obj
LOAD CMakeFiles/lvgl_guider.elf.dir/C_/Users/admin/Desktop/Soubory/PraxeNXP/praxe-nxp/projekt/generated/images/_sound_off_alpha_50x50.c.obj
LOAD CMakeFiles/lvgl_guider.elf.dir/C_/Users/admin/Desktop/Soubory/PraxeNXP/praxe-nxp/projekt/generated/images/_wlan_off_alpha_50x50.c.obj
LOAD CMakeFiles/lvgl_guider.elf.dir/C_/Users/admin/Desktop/Soubory/PraxeNXP/praxe-nxp/projekt/generated/images/_wlan_strength_alpha_25x25.c.obj
LOAD CMakeFiles/lvgl_guider.elf.dir/C_/Users/admin/Desktop/Soubory/PraxeNXP/praxe-nxp/projekt/generated/images/_wlan_strength_alpha_50x50.c.obj
LOAD CMakeFiles/lvgl_guider.elf.dir/C_/Users/admin/Desktop/Soubory/PraxeNXP/praxe-nxp/projekt/generated/setup_scr_screen.c.obj
LOAD CMakeFiles/lvgl_guider.elf.dir/C_/Users/admin/Desktop/Soubory/PraxeNXP/praxe-nxp/projekt/generated/setup_scr_screen_1.c.obj
LOAD CMakeFiles/lvgl_guider.elf.dir/C_/Users/admin/Desktop/Soubory/PraxeNXP/praxe-nxp/projekt/generated/setup_scr_screen_2.c.obj
LOAD CMakeFiles/lvgl_guider.elf.dir/C_/Users/admin/Desktop/Soubory/PraxeNXP/praxe-nxp/projekt/generated/setup_scr_screen_menu.c.obj
LOAD CMakeFiles/lvgl_guider.elf.dir/C_/Users/admin/Desktop/Soubory/PraxeNXP/praxe-nxp/projekt/generated/setup_scr_screen_off.c.obj
LOAD CMakeFiles/lvgl_guider.elf.dir/C_/Users/admin/Desktop/Soubory/PraxeNXP/praxe-nxp/projekt/generated/setup_scr_screen_start_loading.c.obj
LOAD CMakeFiles/lvgl_guider.elf.dir/C_/Users/admin/Desktop/Soubory/PraxeNXP/praxe-nxp/projekt/generated/widgets_init.c.obj
LOAD CMakeFiles/lvgl_guider.elf.dir/C_/Users/admin/Desktop/Soubory/PraxeNXP/praxe-nxp/projekt/sdk/Core/component/lists/fsl_component_generic_list.c.obj
LOAD CMakeFiles/lvgl_guider.elf.dir/C_/Users/admin/Desktop/Soubory/PraxeNXP/praxe-nxp/projekt/sdk/Core/component/uart/fsl_adapter_lpuart.c.obj
LOAD CMakeFiles/lvgl_guider.elf.dir/startup/startup_MCXN947_cm33_core0.S.obj
LOAD CMakeFiles/lvgl_guider.elf.dir/C_/Users/admin/Desktop/Soubory/PraxeNXP/praxe-nxp/projekt/sdk/Core/device/system_MCXN947_cm33_core0.c.obj
LOAD CMakeFiles/lvgl_guider.elf.dir/C_/Users/admin/Desktop/Soubory/PraxeNXP/praxe-nxp/projekt/sdk/Core/drivers/fsl_clock.c.obj
LOAD CMakeFiles/lvgl_guider.elf.dir/C_/Users/admin/Desktop/Soubory/PraxeNXP/praxe-nxp/projekt/sdk/Core/drivers/fsl_common.c.obj
LOAD CMakeFiles/lvgl_guider.elf.dir/C_/Users/admin/Desktop/Soubory/PraxeNXP/praxe-nxp/projekt/sdk/Core/drivers/fsl_common_arm.c.obj
LOAD CMakeFiles/lvgl_guider.elf.dir/C_/Users/admin/Desktop/Soubory/PraxeNXP/praxe-nxp/projekt/sdk/Core/video/fsl_dbi_flexio_edma.c.obj
LOAD CMakeFiles/lvgl_guider.elf.dir/C_/Users/admin/Desktop/Soubory/PraxeNXP/praxe-nxp/projekt/sdk/Core/video/fsl_dbi_flexio_smartdma.c.obj
LOAD CMakeFiles/lvgl_guider.elf.dir/C_/Users/admin/Desktop/Soubory/PraxeNXP/praxe-nxp/projekt/sdk/Core/drivers/fsl_edma.c.obj
LOAD CMakeFiles/lvgl_guider.elf.dir/C_/Users/admin/Desktop/Soubory/PraxeNXP/praxe-nxp/projekt/sdk/Core/drivers/fsl_edma_soc.c.obj
LOAD CMakeFiles/lvgl_guider.elf.dir/C_/Users/admin/Desktop/Soubory/PraxeNXP/praxe-nxp/projekt/sdk/Core/drivers/fsl_flexio.c.obj
LOAD CMakeFiles/lvgl_guider.elf.dir/C_/Users/admin/Desktop/Soubory/PraxeNXP/praxe-nxp/projekt/sdk/Core/drivers/fsl_flexio_mculcd.c.obj
LOAD CMakeFiles/lvgl_guider.elf.dir/C_/Users/admin/Desktop/Soubory/PraxeNXP/praxe-nxp/projekt/sdk/Core/drivers/fsl_flexio_mculcd_edma.c.obj
LOAD CMakeFiles/lvgl_guider.elf.dir/C_/Users/admin/Desktop/Soubory/PraxeNXP/praxe-nxp/projekt/sdk/Core/drivers/fsl_flexio_mculcd_smartdma.c.obj
LOAD CMakeFiles/lvgl_guider.elf.dir/C_/Users/admin/Desktop/Soubory/PraxeNXP/praxe-nxp/projekt/sdk/Core/touchpanel/fsl_ft5406_rt.c.obj
LOAD CMakeFiles/lvgl_guider.elf.dir/C_/Users/admin/Desktop/Soubory/PraxeNXP/praxe-nxp/projekt/sdk/Core/drivers/fsl_gpio.c.obj
LOAD CMakeFiles/lvgl_guider.elf.dir/C_/Users/admin/Desktop/Soubory/PraxeNXP/praxe-nxp/projekt/sdk/Core/touchpanel/fsl_gt911.c.obj
LOAD CMakeFiles/lvgl_guider.elf.dir/C_/Users/admin/Desktop/Soubory/PraxeNXP/praxe-nxp/projekt/sdk/Core/drivers/fsl_inputmux.c.obj
LOAD CMakeFiles/lvgl_guider.elf.dir/C_/Users/admin/Desktop/Soubory/PraxeNXP/praxe-nxp/projekt/sdk/Core/drivers/fsl_smartdma.c.obj
LOAD CMakeFiles/lvgl_guider.elf.dir/C_/Users/admin/Desktop/Soubory/PraxeNXP/praxe-nxp/projekt/sdk/Core/drivers/fsl_smartdma_rt500.c.obj
LOAD CMakeFiles/lvgl_guider.elf.dir/C_/Users/admin/Desktop/Soubory/PraxeNXP/praxe-nxp/projekt/sdk/Core/drivers/fsl_smartdma_mcxn.c.obj
LOAD CMakeFiles/lvgl_guider.elf.dir/C_/Users/admin/Desktop/Soubory/PraxeNXP/praxe-nxp/projekt/sdk/Core/drivers/fsl_lpflexcomm.c.obj
LOAD CMakeFiles/lvgl_guider.elf.dir/C_/Users/admin/Desktop/Soubory/PraxeNXP/praxe-nxp/projekt/sdk/Core/drivers/fsl_lpi2c.c.obj
LOAD CMakeFiles/lvgl_guider.elf.dir/C_/Users/admin/Desktop/Soubory/PraxeNXP/praxe-nxp/projekt/sdk/Core/drivers/fsl_lpuart.c.obj
LOAD CMakeFiles/lvgl_guider.elf.dir/C_/Users/admin/Desktop/Soubory/PraxeNXP/praxe-nxp/projekt/sdk/Core/drivers/fsl_spc.c.obj
LOAD CMakeFiles/lvgl_guider.elf.dir/C_/Users/admin/Desktop/Soubory/PraxeNXP/praxe-nxp/projekt/sdk/Core/drivers/fsl_reset.c.obj
LOAD CMakeFiles/lvgl_guider.elf.dir/C_/Users/admin/Desktop/Soubory/PraxeNXP/praxe-nxp/projekt/sdk/Core/lcdc/fsl_ssd1963.c.obj
LOAD CMakeFiles/lvgl_guider.elf.dir/C_/Users/admin/Desktop/Soubory/PraxeNXP/praxe-nxp/projekt/sdk/Core/lcdc/fsl_st7796s.c.obj
LOAD CMakeFiles/lvgl_guider.elf.dir/C_/Users/admin/Desktop/Soubory/PraxeNXP/praxe-nxp/projekt/sdk/Core/freertos/freertos-kernel/croutine.c.obj
LOAD CMakeFiles/lvgl_guider.elf.dir/C_/Users/admin/Desktop/Soubory/PraxeNXP/praxe-nxp/projekt/sdk/Core/freertos/freertos-kernel/event_groups.c.obj
LOAD CMakeFiles/lvgl_guider.elf.dir/C_/Users/admin/Desktop/Soubory/PraxeNXP/praxe-nxp/projekt/sdk/Core/freertos/freertos-kernel/list.c.obj
LOAD CMakeFiles/lvgl_guider.elf.dir/C_/Users/admin/Desktop/Soubory/PraxeNXP/praxe-nxp/projekt/sdk/Core/freertos/freertos-kernel/queue.c.obj
LOAD CMakeFiles/lvgl_guider.elf.dir/C_/Users/admin/Desktop/Soubory/PraxeNXP/praxe-nxp/projekt/sdk/Core/freertos/freertos-kernel/stream_buffer.c.obj
LOAD CMakeFiles/lvgl_guider.elf.dir/C_/Users/admin/Desktop/Soubory/PraxeNXP/praxe-nxp/projekt/sdk/Core/freertos/freertos-kernel/tasks.c.obj
LOAD CMakeFiles/lvgl_guider.elf.dir/C_/Users/admin/Desktop/Soubory/PraxeNXP/praxe-nxp/projekt/sdk/Core/freertos/freertos-kernel/timers.c.obj
LOAD CMakeFiles/lvgl_guider.elf.dir/C_/Users/admin/Desktop/Soubory/PraxeNXP/praxe-nxp/projekt/sdk/Core/freertos/freertos-kernel/portable/GCC/ARM_CM33_NTZ/non_secure/port.c.obj
LOAD CMakeFiles/lvgl_guider.elf.dir/C_/Users/admin/Desktop/Soubory/PraxeNXP/praxe-nxp/projekt/sdk/Core/freertos/freertos-kernel/portable/GCC/ARM_CM33_NTZ/non_secure/portasm.c.obj
LOAD CMakeFiles/lvgl_guider.elf.dir/C_/Users/admin/Desktop/Soubory/PraxeNXP/praxe-nxp/projekt/sdk/Core/freertos/freertos-kernel/portable/MemMang/heap_4.c.obj
LOAD CMakeFiles/lvgl_guider.elf.dir/C_/Users/admin/Desktop/Soubory/PraxeNXP/praxe-nxp/projekt/sdk/Core/lvgl/lvgl/src/core/lv_disp.c.obj
LOAD CMakeFiles/lvgl_guider.elf.dir/C_/Users/admin/Desktop/Soubory/PraxeNXP/praxe-nxp/projekt/sdk/Core/lvgl/lvgl/src/core/lv_event.c.obj
LOAD CMakeFiles/lvgl_guider.elf.dir/C_/Users/admin/Desktop/Soubory/PraxeNXP/praxe-nxp/projekt/sdk/Core/lvgl/lvgl/src/core/lv_group.c.obj
LOAD CMakeFiles/lvgl_guider.elf.dir/C_/Users/admin/Desktop/Soubory/PraxeNXP/praxe-nxp/projekt/sdk/Core/lvgl/lvgl/src/core/lv_indev.c.obj
LOAD CMakeFiles/lvgl_guider.elf.dir/C_/Users/admin/Desktop/Soubory/PraxeNXP/praxe-nxp/projekt/sdk/Core/lvgl/lvgl/src/core/lv_indev_scroll.c.obj
LOAD CMakeFiles/lvgl_guider.elf.dir/C_/Users/admin/Desktop/Soubory/PraxeNXP/praxe-nxp/projekt/sdk/Core/lvgl/lvgl/src/core/lv_obj.c.obj
LOAD CMakeFiles/lvgl_guider.elf.dir/C_/Users/admin/Desktop/Soubory/PraxeNXP/praxe-nxp/projekt/sdk/Core/lvgl/lvgl/src/core/lv_obj_class.c.obj
LOAD CMakeFiles/lvgl_guider.elf.dir/C_/Users/admin/Desktop/Soubory/PraxeNXP/praxe-nxp/projekt/sdk/Core/lvgl/lvgl/src/core/lv_obj_draw.c.obj
LOAD CMakeFiles/lvgl_guider.elf.dir/C_/Users/admin/Desktop/Soubory/PraxeNXP/praxe-nxp/projekt/sdk/Core/lvgl/lvgl/src/core/lv_obj_pos.c.obj
LOAD CMakeFiles/lvgl_guider.elf.dir/C_/Users/admin/Desktop/Soubory/PraxeNXP/praxe-nxp/projekt/sdk/Core/lvgl/lvgl/src/core/lv_obj_scroll.c.obj
LOAD CMakeFiles/lvgl_guider.elf.dir/C_/Users/admin/Desktop/Soubory/PraxeNXP/praxe-nxp/projekt/sdk/Core/lvgl/lvgl/src/core/lv_obj_style.c.obj
LOAD CMakeFiles/lvgl_guider.elf.dir/C_/Users/admin/Desktop/Soubory/PraxeNXP/praxe-nxp/projekt/sdk/Core/lvgl/lvgl/src/core/lv_obj_style_gen.c.obj
LOAD CMakeFiles/lvgl_guider.elf.dir/C_/Users/admin/Desktop/Soubory/PraxeNXP/praxe-nxp/projekt/sdk/Core/lvgl/lvgl/src/core/lv_obj_tree.c.obj
LOAD CMakeFiles/lvgl_guider.elf.dir/C_/Users/admin/Desktop/Soubory/PraxeNXP/praxe-nxp/projekt/sdk/Core/lvgl/lvgl/src/core/lv_refr.c.obj
LOAD CMakeFiles/lvgl_guider.elf.dir/C_/Users/admin/Desktop/Soubory/PraxeNXP/praxe-nxp/projekt/sdk/Core/lvgl/lvgl/src/core/lv_theme.c.obj
LOAD CMakeFiles/lvgl_guider.elf.dir/C_/Users/admin/Desktop/Soubory/PraxeNXP/praxe-nxp/projekt/sdk/Core/lvgl/lvgl/src/draw/lv_draw.c.obj
LOAD CMakeFiles/lvgl_guider.elf.dir/C_/Users/admin/Desktop/Soubory/PraxeNXP/praxe-nxp/projekt/sdk/Core/lvgl/lvgl/src/draw/lv_draw_layer.c.obj
LOAD CMakeFiles/lvgl_guider.elf.dir/C_/Users/admin/Desktop/Soubory/PraxeNXP/praxe-nxp/projekt/sdk/Core/lvgl/lvgl/src/draw/lv_draw_transform.c.obj
LOAD CMakeFiles/lvgl_guider.elf.dir/C_/Users/admin/Desktop/Soubory/PraxeNXP/praxe-nxp/projekt/sdk/Core/lvgl/lvgl/src/draw/lv_draw_arc.c.obj
LOAD CMakeFiles/lvgl_guider.elf.dir/C_/Users/admin/Desktop/Soubory/PraxeNXP/praxe-nxp/projekt/sdk/Core/lvgl/lvgl/src/draw/lv_draw_img.c.obj
LOAD CMakeFiles/lvgl_guider.elf.dir/C_/Users/admin/Desktop/Soubory/PraxeNXP/praxe-nxp/projekt/sdk/Core/lvgl/lvgl/src/draw/lv_draw_label.c.obj
LOAD CMakeFiles/lvgl_guider.elf.dir/C_/Users/admin/Desktop/Soubory/PraxeNXP/praxe-nxp/projekt/sdk/Core/lvgl/lvgl/src/draw/lv_draw_line.c.obj
LOAD CMakeFiles/lvgl_guider.elf.dir/C_/Users/admin/Desktop/Soubory/PraxeNXP/praxe-nxp/projekt/sdk/Core/lvgl/lvgl/src/draw/lv_draw_mask.c.obj
LOAD CMakeFiles/lvgl_guider.elf.dir/C_/Users/admin/Desktop/Soubory/PraxeNXP/praxe-nxp/projekt/sdk/Core/lvgl/lvgl/src/draw/lv_draw_rect.c.obj
LOAD CMakeFiles/lvgl_guider.elf.dir/C_/Users/admin/Desktop/Soubory/PraxeNXP/praxe-nxp/projekt/sdk/Core/lvgl/lvgl/src/draw/lv_draw_triangle.c.obj
LOAD CMakeFiles/lvgl_guider.elf.dir/C_/Users/admin/Desktop/Soubory/PraxeNXP/praxe-nxp/projekt/sdk/Core/lvgl/lvgl/src/draw/lv_img_buf.c.obj
LOAD CMakeFiles/lvgl_guider.elf.dir/C_/Users/admin/Desktop/Soubory/PraxeNXP/praxe-nxp/projekt/sdk/Core/lvgl/lvgl/src/draw/lv_img_cache.c.obj
LOAD CMakeFiles/lvgl_guider.elf.dir/C_/Users/admin/Desktop/Soubory/PraxeNXP/praxe-nxp/projekt/sdk/Core/lvgl/lvgl/src/draw/lv_img_decoder.c.obj
LOAD CMakeFiles/lvgl_guider.elf.dir/C_/Users/admin/Desktop/Soubory/PraxeNXP/praxe-nxp/projekt/sdk/Core/lvgl/lvgl/src/draw/nxp/pxp/lv_draw_pxp.c.obj
LOAD CMakeFiles/lvgl_guider.elf.dir/C_/Users/admin/Desktop/Soubory/PraxeNXP/praxe-nxp/projekt/sdk/Core/lvgl/lvgl/src/draw/nxp/pxp/lv_draw_pxp_blend.c.obj
LOAD CMakeFiles/lvgl_guider.elf.dir/C_/Users/admin/Desktop/Soubory/PraxeNXP/praxe-nxp/projekt/sdk/Core/lvgl/lvgl/src/draw/nxp/pxp/lv_gpu_nxp_pxp.c.obj
LOAD CMakeFiles/lvgl_guider.elf.dir/C_/Users/admin/Desktop/Soubory/PraxeNXP/praxe-nxp/projekt/sdk/Core/lvgl/lvgl/src/draw/nxp/pxp/lv_gpu_nxp_pxp_osa.c.obj
LOAD CMakeFiles/lvgl_guider.elf.dir/C_/Users/admin/Desktop/Soubory/PraxeNXP/praxe-nxp/projekt/sdk/Core/lvgl/lvgl/src/draw/nxp/vglite/lv_draw_vglite.c.obj
LOAD CMakeFiles/lvgl_guider.elf.dir/C_/Users/admin/Desktop/Soubory/PraxeNXP/praxe-nxp/projekt/sdk/Core/lvgl/lvgl/src/draw/nxp/vglite/lv_draw_vglite_blend.c.obj
LOAD CMakeFiles/lvgl_guider.elf.dir/C_/Users/admin/Desktop/Soubory/PraxeNXP/praxe-nxp/projekt/sdk/Core/lvgl/lvgl/src/draw/nxp/vglite/lv_draw_vglite_rect.c.obj
LOAD CMakeFiles/lvgl_guider.elf.dir/C_/Users/admin/Desktop/Soubory/PraxeNXP/praxe-nxp/projekt/sdk/Core/lvgl/lvgl/src/draw/nxp/vglite/lv_draw_vglite_line.c.obj
LOAD CMakeFiles/lvgl_guider.elf.dir/C_/Users/admin/Desktop/Soubory/PraxeNXP/praxe-nxp/projekt/sdk/Core/lvgl/lvgl/src/draw/nxp/vglite/lv_draw_vglite_arc.c.obj
LOAD CMakeFiles/lvgl_guider.elf.dir/C_/Users/admin/Desktop/Soubory/PraxeNXP/praxe-nxp/projekt/sdk/Core/lvgl/lvgl/src/draw/nxp/vglite/lv_vglite_buf.c.obj
LOAD CMakeFiles/lvgl_guider.elf.dir/C_/Users/admin/Desktop/Soubory/PraxeNXP/praxe-nxp/projekt/sdk/Core/lvgl/lvgl/src/draw/nxp/vglite/lv_vglite_utils.c.obj
LOAD CMakeFiles/lvgl_guider.elf.dir/C_/Users/admin/Desktop/Soubory/PraxeNXP/praxe-nxp/projekt/sdk/Core/lvgl/lvgl/src/draw/sdl/lv_draw_sdl.c.obj
LOAD CMakeFiles/lvgl_guider.elf.dir/C_/Users/admin/Desktop/Soubory/PraxeNXP/praxe-nxp/projekt/sdk/Core/lvgl/lvgl/src/draw/sdl/lv_draw_sdl_arc.c.obj
LOAD CMakeFiles/lvgl_guider.elf.dir/C_/Users/admin/Desktop/Soubory/PraxeNXP/praxe-nxp/projekt/sdk/Core/lvgl/lvgl/src/draw/sdl/lv_draw_sdl_bg.c.obj
LOAD CMakeFiles/lvgl_guider.elf.dir/C_/Users/admin/Desktop/Soubory/PraxeNXP/praxe-nxp/projekt/sdk/Core/lvgl/lvgl/src/draw/sdl/lv_draw_sdl_composite.c.obj
LOAD CMakeFiles/lvgl_guider.elf.dir/C_/Users/admin/Desktop/Soubory/PraxeNXP/praxe-nxp/projekt/sdk/Core/lvgl/lvgl/src/draw/sdl/lv_draw_sdl_img.c.obj
LOAD CMakeFiles/lvgl_guider.elf.dir/C_/Users/admin/Desktop/Soubory/PraxeNXP/praxe-nxp/projekt/sdk/Core/lvgl/lvgl/src/draw/sdl/lv_draw_sdl_label.c.obj
LOAD CMakeFiles/lvgl_guider.elf.dir/C_/Users/admin/Desktop/Soubory/PraxeNXP/praxe-nxp/projekt/sdk/Core/lvgl/lvgl/src/draw/sdl/lv_draw_sdl_mask.c.obj
LOAD CMakeFiles/lvgl_guider.elf.dir/C_/Users/admin/Desktop/Soubory/PraxeNXP/praxe-nxp/projekt/sdk/Core/lvgl/lvgl/src/draw/sdl/lv_draw_sdl_polygon.c.obj
LOAD CMakeFiles/lvgl_guider.elf.dir/C_/Users/admin/Desktop/Soubory/PraxeNXP/praxe-nxp/projekt/sdk/Core/lvgl/lvgl/src/draw/sdl/lv_draw_sdl_rect.c.obj
LOAD CMakeFiles/lvgl_guider.elf.dir/C_/Users/admin/Desktop/Soubory/PraxeNXP/praxe-nxp/projekt/sdk/Core/lvgl/lvgl/src/draw/sdl/lv_draw_sdl_stack_blur.c.obj
LOAD CMakeFiles/lvgl_guider.elf.dir/C_/Users/admin/Desktop/Soubory/PraxeNXP/praxe-nxp/projekt/sdk/Core/lvgl/lvgl/src/draw/sdl/lv_draw_sdl_texture_cache.c.obj
LOAD CMakeFiles/lvgl_guider.elf.dir/C_/Users/admin/Desktop/Soubory/PraxeNXP/praxe-nxp/projekt/sdk/Core/lvgl/lvgl/src/draw/sdl/lv_draw_sdl_utils.c.obj
LOAD CMakeFiles/lvgl_guider.elf.dir/C_/Users/admin/Desktop/Soubory/PraxeNXP/praxe-nxp/projekt/sdk/Core/lvgl/lvgl/src/draw/sdl/lv_draw_sdl_line.c.obj
LOAD CMakeFiles/lvgl_guider.elf.dir/C_/Users/admin/Desktop/Soubory/PraxeNXP/praxe-nxp/projekt/sdk/Core/lvgl/lvgl/src/draw/sdl/lv_draw_sdl_layer.c.obj
LOAD CMakeFiles/lvgl_guider.elf.dir/C_/Users/admin/Desktop/Soubory/PraxeNXP/praxe-nxp/projekt/sdk/Core/lvgl/lvgl/src/draw/stm32_dma2d/lv_gpu_stm32_dma2d.c.obj
LOAD CMakeFiles/lvgl_guider.elf.dir/C_/Users/admin/Desktop/Soubory/PraxeNXP/praxe-nxp/projekt/sdk/Core/lvgl/lvgl/src/draw/renesas/lv_gpu_d2_ra6m3.c.obj
LOAD CMakeFiles/lvgl_guider.elf.dir/C_/Users/admin/Desktop/Soubory/PraxeNXP/praxe-nxp/projekt/sdk/Core/lvgl/lvgl/src/draw/renesas/lv_gpu_d2_draw_label.c.obj
LOAD CMakeFiles/lvgl_guider.elf.dir/C_/Users/admin/Desktop/Soubory/PraxeNXP/praxe-nxp/projekt/sdk/Core/lvgl/lvgl/src/draw/sw/lv_draw_sw.c.obj
LOAD CMakeFiles/lvgl_guider.elf.dir/C_/Users/admin/Desktop/Soubory/PraxeNXP/praxe-nxp/projekt/sdk/Core/lvgl/lvgl/src/draw/sw/lv_draw_sw_arc.c.obj
LOAD CMakeFiles/lvgl_guider.elf.dir/C_/Users/admin/Desktop/Soubory/PraxeNXP/praxe-nxp/projekt/sdk/Core/lvgl/lvgl/src/draw/sw/lv_draw_sw_blend.c.obj
LOAD CMakeFiles/lvgl_guider.elf.dir/C_/Users/admin/Desktop/Soubory/PraxeNXP/praxe-nxp/projekt/sdk/Core/lvgl/lvgl/src/draw/sw/lv_draw_sw_dither.c.obj
LOAD CMakeFiles/lvgl_guider.elf.dir/C_/Users/admin/Desktop/Soubory/PraxeNXP/praxe-nxp/projekt/sdk/Core/lvgl/lvgl/src/draw/sw/lv_draw_sw_gradient.c.obj
LOAD CMakeFiles/lvgl_guider.elf.dir/C_/Users/admin/Desktop/Soubory/PraxeNXP/praxe-nxp/projekt/sdk/Core/lvgl/lvgl/src/draw/sw/lv_draw_sw_img.c.obj
LOAD CMakeFiles/lvgl_guider.elf.dir/C_/Users/admin/Desktop/Soubory/PraxeNXP/praxe-nxp/projekt/sdk/Core/lvgl/lvgl/src/draw/sw/lv_draw_sw_letter.c.obj
LOAD CMakeFiles/lvgl_guider.elf.dir/C_/Users/admin/Desktop/Soubory/PraxeNXP/praxe-nxp/projekt/sdk/Core/lvgl/lvgl/src/draw/sw/lv_draw_sw_line.c.obj
LOAD CMakeFiles/lvgl_guider.elf.dir/C_/Users/admin/Desktop/Soubory/PraxeNXP/praxe-nxp/projekt/sdk/Core/lvgl/lvgl/src/draw/sw/lv_draw_sw_polygon.c.obj
LOAD CMakeFiles/lvgl_guider.elf.dir/C_/Users/admin/Desktop/Soubory/PraxeNXP/praxe-nxp/projekt/sdk/Core/lvgl/lvgl/src/draw/sw/lv_draw_sw_rect.c.obj
LOAD CMakeFiles/lvgl_guider.elf.dir/C_/Users/admin/Desktop/Soubory/PraxeNXP/praxe-nxp/projekt/sdk/Core/lvgl/lvgl/src/draw/sw/lv_draw_sw_transform.c.obj
LOAD CMakeFiles/lvgl_guider.elf.dir/C_/Users/admin/Desktop/Soubory/PraxeNXP/praxe-nxp/projekt/sdk/Core/lvgl/lvgl/src/draw/sw/lv_draw_sw_layer.c.obj
LOAD CMakeFiles/lvgl_guider.elf.dir/C_/Users/admin/Desktop/Soubory/PraxeNXP/praxe-nxp/projekt/sdk/Core/lvgl/lvgl/src/font/lv_font.c.obj
LOAD CMakeFiles/lvgl_guider.elf.dir/C_/Users/admin/Desktop/Soubory/PraxeNXP/praxe-nxp/projekt/sdk/Core/lvgl/lvgl/src/font/lv_font_dejavu_16_persian_hebrew.c.obj
LOAD CMakeFiles/lvgl_guider.elf.dir/C_/Users/admin/Desktop/Soubory/PraxeNXP/praxe-nxp/projekt/sdk/Core/lvgl/lvgl/src/font/lv_font_fmt_txt.c.obj
LOAD CMakeFiles/lvgl_guider.elf.dir/C_/Users/admin/Desktop/Soubory/PraxeNXP/praxe-nxp/projekt/sdk/Core/lvgl/lvgl/src/font/lv_font_loader.c.obj
LOAD CMakeFiles/lvgl_guider.elf.dir/C_/Users/admin/Desktop/Soubory/PraxeNXP/praxe-nxp/projekt/sdk/Core/lvgl/lvgl/src/font/lv_font_montserrat_10.c.obj
LOAD CMakeFiles/lvgl_guider.elf.dir/C_/Users/admin/Desktop/Soubory/PraxeNXP/praxe-nxp/projekt/sdk/Core/lvgl/lvgl/src/font/lv_font_montserrat_12.c.obj
LOAD CMakeFiles/lvgl_guider.elf.dir/C_/Users/admin/Desktop/Soubory/PraxeNXP/praxe-nxp/projekt/sdk/Core/lvgl/lvgl/src/font/lv_font_montserrat_12_subpx.c.obj
LOAD CMakeFiles/lvgl_guider.elf.dir/C_/Users/admin/Desktop/Soubory/PraxeNXP/praxe-nxp/projekt/sdk/Core/lvgl/lvgl/src/font/lv_font_montserrat_14.c.obj
LOAD CMakeFiles/lvgl_guider.elf.dir/C_/Users/admin/Desktop/Soubory/PraxeNXP/praxe-nxp/projekt/sdk/Core/lvgl/lvgl/src/font/lv_font_montserrat_16.c.obj
LOAD CMakeFiles/lvgl_guider.elf.dir/C_/Users/admin/Desktop/Soubory/PraxeNXP/praxe-nxp/projekt/sdk/Core/lvgl/lvgl/src/font/lv_font_montserrat_18.c.obj
LOAD CMakeFiles/lvgl_guider.elf.dir/C_/Users/admin/Desktop/Soubory/PraxeNXP/praxe-nxp/projekt/sdk/Core/lvgl/lvgl/src/font/lv_font_montserrat_20.c.obj
LOAD CMakeFiles/lvgl_guider.elf.dir/C_/Users/admin/Desktop/Soubory/PraxeNXP/praxe-nxp/projekt/sdk/Core/lvgl/lvgl/src/font/lv_font_montserrat_22.c.obj
LOAD CMakeFiles/lvgl_guider.elf.dir/C_/Users/admin/Desktop/Soubory/PraxeNXP/praxe-nxp/projekt/sdk/Core/lvgl/lvgl/src/font/lv_font_montserrat_24.c.obj
LOAD CMakeFiles/lvgl_guider.elf.dir/C_/Users/admin/Desktop/Soubory/PraxeNXP/praxe-nxp/projekt/sdk/Core/lvgl/lvgl/src/font/lv_font_montserrat_26.c.obj
LOAD CMakeFiles/lvgl_guider.elf.dir/C_/Users/admin/Desktop/Soubory/PraxeNXP/praxe-nxp/projekt/sdk/Core/lvgl/lvgl/src/font/lv_font_montserrat_28.c.obj
LOAD CMakeFiles/lvgl_guider.elf.dir/C_/Users/admin/Desktop/Soubory/PraxeNXP/praxe-nxp/projekt/sdk/Core/lvgl/lvgl/src/font/lv_font_montserrat_28_compressed.c.obj
LOAD CMakeFiles/lvgl_guider.elf.dir/C_/Users/admin/Desktop/Soubory/PraxeNXP/praxe-nxp/projekt/sdk/Core/lvgl/lvgl/src/font/lv_font_montserrat_30.c.obj
LOAD CMakeFiles/lvgl_guider.elf.dir/C_/Users/admin/Desktop/Soubory/PraxeNXP/praxe-nxp/projekt/sdk/Core/lvgl/lvgl/src/font/lv_font_montserrat_32.c.obj
LOAD CMakeFiles/lvgl_guider.elf.dir/C_/Users/admin/Desktop/Soubory/PraxeNXP/praxe-nxp/projekt/sdk/Core/lvgl/lvgl/src/font/lv_font_montserrat_34.c.obj
LOAD CMakeFiles/lvgl_guider.elf.dir/C_/Users/admin/Desktop/Soubory/PraxeNXP/praxe-nxp/projekt/sdk/Core/lvgl/lvgl/src/font/lv_font_montserrat_36.c.obj
LOAD CMakeFiles/lvgl_guider.elf.dir/C_/Users/admin/Desktop/Soubory/PraxeNXP/praxe-nxp/projekt/sdk/Core/lvgl/lvgl/src/font/lv_font_montserrat_38.c.obj
LOAD CMakeFiles/lvgl_guider.elf.dir/C_/Users/admin/Desktop/Soubory/PraxeNXP/praxe-nxp/projekt/sdk/Core/lvgl/lvgl/src/font/lv_font_montserrat_40.c.obj
LOAD CMakeFiles/lvgl_guider.elf.dir/C_/Users/admin/Desktop/Soubory/PraxeNXP/praxe-nxp/projekt/sdk/Core/lvgl/lvgl/src/font/lv_font_montserrat_42.c.obj
LOAD CMakeFiles/lvgl_guider.elf.dir/C_/Users/admin/Desktop/Soubory/PraxeNXP/praxe-nxp/projekt/sdk/Core/lvgl/lvgl/src/font/lv_font_montserrat_44.c.obj
LOAD CMakeFiles/lvgl_guider.elf.dir/C_/Users/admin/Desktop/Soubory/PraxeNXP/praxe-nxp/projekt/sdk/Core/lvgl/lvgl/src/font/lv_font_montserrat_46.c.obj
LOAD CMakeFiles/lvgl_guider.elf.dir/C_/Users/admin/Desktop/Soubory/PraxeNXP/praxe-nxp/projekt/sdk/Core/lvgl/lvgl/src/font/lv_font_montserrat_48.c.obj
LOAD CMakeFiles/lvgl_guider.elf.dir/C_/Users/admin/Desktop/Soubory/PraxeNXP/praxe-nxp/projekt/sdk/Core/lvgl/lvgl/src/font/lv_font_montserrat_8.c.obj
LOAD CMakeFiles/lvgl_guider.elf.dir/C_/Users/admin/Desktop/Soubory/PraxeNXP/praxe-nxp/projekt/sdk/Core/lvgl/lvgl/src/font/lv_font_simsun_16_cjk.c.obj
LOAD CMakeFiles/lvgl_guider.elf.dir/C_/Users/admin/Desktop/Soubory/PraxeNXP/praxe-nxp/projekt/sdk/Core/lvgl/lvgl/src/font/lv_font_unscii_16.c.obj
LOAD CMakeFiles/lvgl_guider.elf.dir/C_/Users/admin/Desktop/Soubory/PraxeNXP/praxe-nxp/projekt/sdk/Core/lvgl/lvgl/src/font/lv_font_unscii_8.c.obj
LOAD CMakeFiles/lvgl_guider.elf.dir/C_/Users/admin/Desktop/Soubory/PraxeNXP/praxe-nxp/projekt/sdk/Core/lvgl/lvgl/src/hal/lv_hal_disp.c.obj
LOAD CMakeFiles/lvgl_guider.elf.dir/C_/Users/admin/Desktop/Soubory/PraxeNXP/praxe-nxp/projekt/sdk/Core/lvgl/lvgl/src/hal/lv_hal_indev.c.obj
LOAD CMakeFiles/lvgl_guider.elf.dir/C_/Users/admin/Desktop/Soubory/PraxeNXP/praxe-nxp/projekt/sdk/Core/lvgl/lvgl/src/hal/lv_hal_tick.c.obj
LOAD CMakeFiles/lvgl_guider.elf.dir/C_/Users/admin/Desktop/Soubory/PraxeNXP/praxe-nxp/projekt/sdk/Core/lvgl/lvgl/src/misc/lv_anim.c.obj
LOAD CMakeFiles/lvgl_guider.elf.dir/C_/Users/admin/Desktop/Soubory/PraxeNXP/praxe-nxp/projekt/sdk/Core/lvgl/lvgl/src/misc/lv_anim_timeline.c.obj
LOAD CMakeFiles/lvgl_guider.elf.dir/C_/Users/admin/Desktop/Soubory/PraxeNXP/praxe-nxp/projekt/sdk/Core/lvgl/lvgl/src/misc/lv_area.c.obj
LOAD CMakeFiles/lvgl_guider.elf.dir/C_/Users/admin/Desktop/Soubory/PraxeNXP/praxe-nxp/projekt/sdk/Core/lvgl/lvgl/src/misc/lv_async.c.obj
LOAD CMakeFiles/lvgl_guider.elf.dir/C_/Users/admin/Desktop/Soubory/PraxeNXP/praxe-nxp/projekt/sdk/Core/lvgl/lvgl/src/misc/lv_bidi.c.obj
LOAD CMakeFiles/lvgl_guider.elf.dir/C_/Users/admin/Desktop/Soubory/PraxeNXP/praxe-nxp/projekt/sdk/Core/lvgl/lvgl/src/misc/lv_color.c.obj
LOAD CMakeFiles/lvgl_guider.elf.dir/C_/Users/admin/Desktop/Soubory/PraxeNXP/praxe-nxp/projekt/sdk/Core/lvgl/lvgl/src/misc/lv_fs.c.obj
LOAD CMakeFiles/lvgl_guider.elf.dir/C_/Users/admin/Desktop/Soubory/PraxeNXP/praxe-nxp/projekt/sdk/Core/lvgl/lvgl/src/misc/lv_gc.c.obj
LOAD CMakeFiles/lvgl_guider.elf.dir/C_/Users/admin/Desktop/Soubory/PraxeNXP/praxe-nxp/projekt/sdk/Core/lvgl/lvgl/src/misc/lv_ll.c.obj
LOAD CMakeFiles/lvgl_guider.elf.dir/C_/Users/admin/Desktop/Soubory/PraxeNXP/praxe-nxp/projekt/sdk/Core/lvgl/lvgl/src/misc/lv_log.c.obj
LOAD CMakeFiles/lvgl_guider.elf.dir/C_/Users/admin/Desktop/Soubory/PraxeNXP/praxe-nxp/projekt/sdk/Core/lvgl/lvgl/src/misc/lv_math.c.obj
LOAD CMakeFiles/lvgl_guider.elf.dir/C_/Users/admin/Desktop/Soubory/PraxeNXP/praxe-nxp/projekt/sdk/Core/lvgl/lvgl/src/misc/lv_mem.c.obj
LOAD CMakeFiles/lvgl_guider.elf.dir/C_/Users/admin/Desktop/Soubory/PraxeNXP/praxe-nxp/projekt/sdk/Core/lvgl/lvgl/src/misc/lv_printf.c.obj
LOAD CMakeFiles/lvgl_guider.elf.dir/C_/Users/admin/Desktop/Soubory/PraxeNXP/praxe-nxp/projekt/sdk/Core/lvgl/lvgl/src/misc/lv_style.c.obj
LOAD CMakeFiles/lvgl_guider.elf.dir/C_/Users/admin/Desktop/Soubory/PraxeNXP/praxe-nxp/projekt/sdk/Core/lvgl/lvgl/src/misc/lv_style_gen.c.obj
LOAD CMakeFiles/lvgl_guider.elf.dir/C_/Users/admin/Desktop/Soubory/PraxeNXP/praxe-nxp/projekt/sdk/Core/lvgl/lvgl/src/misc/lv_templ.c.obj
LOAD CMakeFiles/lvgl_guider.elf.dir/C_/Users/admin/Desktop/Soubory/PraxeNXP/praxe-nxp/projekt/sdk/Core/lvgl/lvgl/src/misc/lv_timer.c.obj
LOAD CMakeFiles/lvgl_guider.elf.dir/C_/Users/admin/Desktop/Soubory/PraxeNXP/praxe-nxp/projekt/sdk/Core/lvgl/lvgl/src/misc/lv_tlsf.c.obj
LOAD CMakeFiles/lvgl_guider.elf.dir/C_/Users/admin/Desktop/Soubory/PraxeNXP/praxe-nxp/projekt/sdk/Core/lvgl/lvgl/src/misc/lv_txt_ap.c.obj
LOAD CMakeFiles/lvgl_guider.elf.dir/C_/Users/admin/Desktop/Soubory/PraxeNXP/praxe-nxp/projekt/sdk/Core/lvgl/lvgl/src/misc/lv_txt.c.obj
LOAD CMakeFiles/lvgl_guider.elf.dir/C_/Users/admin/Desktop/Soubory/PraxeNXP/praxe-nxp/projekt/sdk/Core/lvgl/lvgl/src/misc/lv_utils.c.obj
LOAD CMakeFiles/lvgl_guider.elf.dir/C_/Users/admin/Desktop/Soubory/PraxeNXP/praxe-nxp/projekt/sdk/Core/lvgl/lvgl/src/misc/lv_lru.c.obj
LOAD CMakeFiles/lvgl_guider.elf.dir/C_/Users/admin/Desktop/Soubory/PraxeNXP/praxe-nxp/projekt/sdk/Core/lvgl/lvgl/src/widgets/lv_arc.c.obj
LOAD CMakeFiles/lvgl_guider.elf.dir/C_/Users/admin/Desktop/Soubory/PraxeNXP/praxe-nxp/projekt/sdk/Core/lvgl/lvgl/src/widgets/lv_bar.c.obj
LOAD CMakeFiles/lvgl_guider.elf.dir/C_/Users/admin/Desktop/Soubory/PraxeNXP/praxe-nxp/projekt/sdk/Core/lvgl/lvgl/src/widgets/lv_btn.c.obj
LOAD CMakeFiles/lvgl_guider.elf.dir/C_/Users/admin/Desktop/Soubory/PraxeNXP/praxe-nxp/projekt/sdk/Core/lvgl/lvgl/src/widgets/lv_btnmatrix.c.obj
LOAD CMakeFiles/lvgl_guider.elf.dir/C_/Users/admin/Desktop/Soubory/PraxeNXP/praxe-nxp/projekt/sdk/Core/lvgl/lvgl/src/widgets/lv_canvas.c.obj
LOAD CMakeFiles/lvgl_guider.elf.dir/C_/Users/admin/Desktop/Soubory/PraxeNXP/praxe-nxp/projekt/sdk/Core/lvgl/lvgl/src/widgets/lv_checkbox.c.obj
LOAD CMakeFiles/lvgl_guider.elf.dir/C_/Users/admin/Desktop/Soubory/PraxeNXP/praxe-nxp/projekt/sdk/Core/lvgl/lvgl/src/widgets/lv_dropdown.c.obj
LOAD CMakeFiles/lvgl_guider.elf.dir/C_/Users/admin/Desktop/Soubory/PraxeNXP/praxe-nxp/projekt/sdk/Core/lvgl/lvgl/src/widgets/lv_img.c.obj
LOAD CMakeFiles/lvgl_guider.elf.dir/C_/Users/admin/Desktop/Soubory/PraxeNXP/praxe-nxp/projekt/sdk/Core/lvgl/lvgl/src/widgets/lv_label.c.obj
LOAD CMakeFiles/lvgl_guider.elf.dir/C_/Users/admin/Desktop/Soubory/PraxeNXP/praxe-nxp/projekt/sdk/Core/lvgl/lvgl/src/widgets/lv_line.c.obj
LOAD CMakeFiles/lvgl_guider.elf.dir/C_/Users/admin/Desktop/Soubory/PraxeNXP/praxe-nxp/projekt/sdk/Core/lvgl/lvgl/src/widgets/lv_objx_templ.c.obj
LOAD CMakeFiles/lvgl_guider.elf.dir/C_/Users/admin/Desktop/Soubory/PraxeNXP/praxe-nxp/projekt/sdk/Core/lvgl/lvgl/src/widgets/lv_roller.c.obj
LOAD CMakeFiles/lvgl_guider.elf.dir/C_/Users/admin/Desktop/Soubory/PraxeNXP/praxe-nxp/projekt/sdk/Core/lvgl/lvgl/src/widgets/lv_slider.c.obj
LOAD CMakeFiles/lvgl_guider.elf.dir/C_/Users/admin/Desktop/Soubory/PraxeNXP/praxe-nxp/projekt/sdk/Core/lvgl/lvgl/src/widgets/lv_switch.c.obj
LOAD CMakeFiles/lvgl_guider.elf.dir/C_/Users/admin/Desktop/Soubory/PraxeNXP/praxe-nxp/projekt/sdk/Core/lvgl/lvgl/src/widgets/lv_table.c.obj
LOAD CMakeFiles/lvgl_guider.elf.dir/C_/Users/admin/Desktop/Soubory/PraxeNXP/praxe-nxp/projekt/sdk/Core/lvgl/lvgl/src/widgets/lv_textarea.c.obj
LOAD CMakeFiles/lvgl_guider.elf.dir/C_/Users/admin/Desktop/Soubory/PraxeNXP/praxe-nxp/projekt/sdk/Core/lvgl/lvgl/src/extra/layouts/flex/lv_flex.c.obj
LOAD CMakeFiles/lvgl_guider.elf.dir/C_/Users/admin/Desktop/Soubory/PraxeNXP/praxe-nxp/projekt/sdk/Core/lvgl/lvgl/src/extra/layouts/grid/lv_grid.c.obj
LOAD CMakeFiles/lvgl_guider.elf.dir/C_/Users/admin/Desktop/Soubory/PraxeNXP/praxe-nxp/projekt/sdk/Core/lvgl/lvgl/src/extra/libs/barcode/lv_barcode.c.obj
LOAD CMakeFiles/lvgl_guider.elf.dir/C_/Users/admin/Desktop/Soubory/PraxeNXP/praxe-nxp/projekt/sdk/Core/lvgl/lvgl/src/extra/libs/barcode/code128.c.obj
LOAD CMakeFiles/lvgl_guider.elf.dir/C_/Users/admin/Desktop/Soubory/PraxeNXP/praxe-nxp/projekt/sdk/Core/lvgl/lvgl/src/extra/libs/bmp/lv_bmp.c.obj
LOAD CMakeFiles/lvgl_guider.elf.dir/C_/Users/admin/Desktop/Soubory/PraxeNXP/praxe-nxp/projekt/sdk/Core/lvgl/lvgl/src/extra/libs/freetype/lv_freetype.c.obj
LOAD CMakeFiles/lvgl_guider.elf.dir/C_/Users/admin/Desktop/Soubory/PraxeNXP/praxe-nxp/projekt/sdk/Core/lvgl/lvgl/src/extra/libs/fsdrv/lv_fs_fatfs.c.obj
LOAD CMakeFiles/lvgl_guider.elf.dir/C_/Users/admin/Desktop/Soubory/PraxeNXP/praxe-nxp/projekt/sdk/Core/lvgl/lvgl/src/extra/libs/fsdrv/lv_fs_rawfs.c.obj
LOAD CMakeFiles/lvgl_guider.elf.dir/C_/Users/admin/Desktop/Soubory/PraxeNXP/praxe-nxp/projekt/sdk/Core/lvgl/lvgl/src/extra/libs/fsdrv/lv_fs_posix.c.obj
LOAD CMakeFiles/lvgl_guider.elf.dir/C_/Users/admin/Desktop/Soubory/PraxeNXP/praxe-nxp/projekt/sdk/Core/lvgl/lvgl/src/extra/libs/fsdrv/lv_fs_stdio.c.obj
LOAD CMakeFiles/lvgl_guider.elf.dir/C_/Users/admin/Desktop/Soubory/PraxeNXP/praxe-nxp/projekt/sdk/Core/lvgl/lvgl/src/extra/libs/fsdrv/lv_fs_win32.c.obj
LOAD CMakeFiles/lvgl_guider.elf.dir/C_/Users/admin/Desktop/Soubory/PraxeNXP/praxe-nxp/projekt/sdk/Core/lvgl/lvgl/src/extra/libs/gif/gifdec.c.obj
LOAD CMakeFiles/lvgl_guider.elf.dir/C_/Users/admin/Desktop/Soubory/PraxeNXP/praxe-nxp/projekt/sdk/Core/lvgl/lvgl/src/extra/libs/gif/lv_gif.c.obj
LOAD CMakeFiles/lvgl_guider.elf.dir/C_/Users/admin/Desktop/Soubory/PraxeNXP/praxe-nxp/projekt/sdk/Core/lvgl/lvgl/src/extra/libs/png/lodepng.c.obj
LOAD CMakeFiles/lvgl_guider.elf.dir/C_/Users/admin/Desktop/Soubory/PraxeNXP/praxe-nxp/projekt/sdk/Core/lvgl/lvgl/src/extra/libs/png/lv_png.c.obj
LOAD CMakeFiles/lvgl_guider.elf.dir/C_/Users/admin/Desktop/Soubory/PraxeNXP/praxe-nxp/projekt/sdk/Core/lvgl/lvgl/src/extra/libs/qrcode/lv_qrcode.c.obj
LOAD CMakeFiles/lvgl_guider.elf.dir/C_/Users/admin/Desktop/Soubory/PraxeNXP/praxe-nxp/projekt/sdk/Core/lvgl/lvgl/src/extra/libs/qrcode/qrcodegen.c.obj
LOAD CMakeFiles/lvgl_guider.elf.dir/C_/Users/admin/Desktop/Soubory/PraxeNXP/praxe-nxp/projekt/sdk/Core/lvgl/lvgl/src/extra/libs/rlottie/lv_rlottie.c.obj
LOAD CMakeFiles/lvgl_guider.elf.dir/C_/Users/admin/Desktop/Soubory/PraxeNXP/praxe-nxp/projekt/sdk/Core/lvgl/lvgl/src/extra/libs/sjpg/lv_sjpg.c.obj
LOAD CMakeFiles/lvgl_guider.elf.dir/C_/Users/admin/Desktop/Soubory/PraxeNXP/praxe-nxp/projekt/sdk/Core/lvgl/lvgl/src/extra/libs/sjpg/tjpgd.c.obj
LOAD CMakeFiles/lvgl_guider.elf.dir/C_/Users/admin/Desktop/Soubory/PraxeNXP/praxe-nxp/projekt/sdk/Core/lvgl/lvgl/src/extra/libs/ffmpeg/lv_ffmpeg.c.obj
LOAD CMakeFiles/lvgl_guider.elf.dir/C_/Users/admin/Desktop/Soubory/PraxeNXP/praxe-nxp/projekt/sdk/Core/lvgl/lvgl/src/extra/lv_extra.c.obj
LOAD CMakeFiles/lvgl_guider.elf.dir/C_/Users/admin/Desktop/Soubory/PraxeNXP/praxe-nxp/projekt/sdk/Core/lvgl/lvgl/src/extra/others/snapshot/lv_snapshot.c.obj
LOAD CMakeFiles/lvgl_guider.elf.dir/C_/Users/admin/Desktop/Soubory/PraxeNXP/praxe-nxp/projekt/sdk/Core/lvgl/lvgl/src/extra/others/gridnav/lv_gridnav.c.obj
LOAD CMakeFiles/lvgl_guider.elf.dir/C_/Users/admin/Desktop/Soubory/PraxeNXP/praxe-nxp/projekt/sdk/Core/lvgl/lvgl/src/extra/others/monkey/lv_monkey.c.obj
LOAD CMakeFiles/lvgl_guider.elf.dir/C_/Users/admin/Desktop/Soubory/PraxeNXP/praxe-nxp/projekt/sdk/Core/lvgl/lvgl/src/extra/others/fragment/lv_fragment.c.obj
LOAD CMakeFiles/lvgl_guider.elf.dir/C_/Users/admin/Desktop/Soubory/PraxeNXP/praxe-nxp/projekt/sdk/Core/lvgl/lvgl/src/extra/others/fragment/lv_fragment_manager.c.obj
LOAD CMakeFiles/lvgl_guider.elf.dir/C_/Users/admin/Desktop/Soubory/PraxeNXP/praxe-nxp/projekt/sdk/Core/lvgl/lvgl/src/extra/others/ime/lv_ime_pinyin.c.obj
LOAD CMakeFiles/lvgl_guider.elf.dir/C_/Users/admin/Desktop/Soubory/PraxeNXP/praxe-nxp/projekt/sdk/Core/lvgl/lvgl/src/extra/others/imgfont/lv_imgfont.c.obj
LOAD CMakeFiles/lvgl_guider.elf.dir/C_/Users/admin/Desktop/Soubory/PraxeNXP/praxe-nxp/projekt/sdk/Core/lvgl/lvgl/src/extra/others/msg/lv_msg.c.obj
LOAD CMakeFiles/lvgl_guider.elf.dir/C_/Users/admin/Desktop/Soubory/PraxeNXP/praxe-nxp/projekt/sdk/Core/lvgl/lvgl/src/extra/themes/basic/lv_theme_basic.c.obj
LOAD CMakeFiles/lvgl_guider.elf.dir/C_/Users/admin/Desktop/Soubory/PraxeNXP/praxe-nxp/projekt/sdk/Core/lvgl/lvgl/src/extra/themes/default/lv_theme_default.c.obj
LOAD CMakeFiles/lvgl_guider.elf.dir/C_/Users/admin/Desktop/Soubory/PraxeNXP/praxe-nxp/projekt/sdk/Core/lvgl/lvgl/src/extra/themes/mono/lv_theme_mono.c.obj
LOAD CMakeFiles/lvgl_guider.elf.dir/C_/Users/admin/Desktop/Soubory/PraxeNXP/praxe-nxp/projekt/sdk/Core/lvgl/lvgl/src/extra/widgets/analogclock/lv_analogclock.c.obj
LOAD CMakeFiles/lvgl_guider.elf.dir/C_/Users/admin/Desktop/Soubory/PraxeNXP/praxe-nxp/projekt/sdk/Core/lvgl/lvgl/src/extra/widgets/animimg/lv_animimg.c.obj
LOAD CMakeFiles/lvgl_guider.elf.dir/C_/Users/admin/Desktop/Soubory/PraxeNXP/praxe-nxp/projekt/sdk/Core/lvgl/lvgl/src/extra/widgets/calendar/lv_calendar.c.obj
LOAD CMakeFiles/lvgl_guider.elf.dir/C_/Users/admin/Desktop/Soubory/PraxeNXP/praxe-nxp/projekt/sdk/Core/lvgl/lvgl/src/extra/widgets/calendar/lv_calendar_header_arrow.c.obj
LOAD CMakeFiles/lvgl_guider.elf.dir/C_/Users/admin/Desktop/Soubory/PraxeNXP/praxe-nxp/projekt/sdk/Core/lvgl/lvgl/src/extra/widgets/calendar/lv_calendar_header_dropdown.c.obj
LOAD CMakeFiles/lvgl_guider.elf.dir/C_/Users/admin/Desktop/Soubory/PraxeNXP/praxe-nxp/projekt/sdk/Core/lvgl/lvgl/src/extra/widgets/carousel/lv_carousel.c.obj
LOAD CMakeFiles/lvgl_guider.elf.dir/C_/Users/admin/Desktop/Soubory/PraxeNXP/praxe-nxp/projekt/sdk/Core/lvgl/lvgl/src/extra/widgets/chart/lv_chart.c.obj
LOAD CMakeFiles/lvgl_guider.elf.dir/C_/Users/admin/Desktop/Soubory/PraxeNXP/praxe-nxp/projekt/sdk/Core/lvgl/lvgl/src/extra/widgets/colorwheel/lv_colorwheel.c.obj
LOAD CMakeFiles/lvgl_guider.elf.dir/C_/Users/admin/Desktop/Soubory/PraxeNXP/praxe-nxp/projekt/sdk/Core/lvgl/lvgl/src/extra/widgets/dclock/lv_dclock.c.obj
LOAD CMakeFiles/lvgl_guider.elf.dir/C_/Users/admin/Desktop/Soubory/PraxeNXP/praxe-nxp/projekt/sdk/Core/lvgl/lvgl/src/extra/widgets/imgbtn/lv_imgbtn.c.obj
LOAD CMakeFiles/lvgl_guider.elf.dir/C_/Users/admin/Desktop/Soubory/PraxeNXP/praxe-nxp/projekt/sdk/Core/lvgl/lvgl/src/extra/widgets/keyboard/lv_keyboard.c.obj
LOAD CMakeFiles/lvgl_guider.elf.dir/C_/Users/admin/Desktop/Soubory/PraxeNXP/praxe-nxp/projekt/sdk/Core/lvgl/lvgl/src/extra/widgets/keyboard/lv_zh_keyboard.c.obj
LOAD CMakeFiles/lvgl_guider.elf.dir/C_/Users/admin/Desktop/Soubory/PraxeNXP/praxe-nxp/projekt/sdk/Core/lvgl/lvgl/src/extra/widgets/led/lv_led.c.obj
LOAD CMakeFiles/lvgl_guider.elf.dir/C_/Users/admin/Desktop/Soubory/PraxeNXP/praxe-nxp/projekt/sdk/Core/lvgl/lvgl/src/extra/widgets/list/lv_list.c.obj
LOAD CMakeFiles/lvgl_guider.elf.dir/C_/Users/admin/Desktop/Soubory/PraxeNXP/praxe-nxp/projekt/sdk/Core/lvgl/lvgl/src/extra/widgets/meter/lv_meter.c.obj
LOAD CMakeFiles/lvgl_guider.elf.dir/C_/Users/admin/Desktop/Soubory/PraxeNXP/praxe-nxp/projekt/sdk/Core/lvgl/lvgl/src/extra/widgets/msgbox/lv_msgbox.c.obj
LOAD CMakeFiles/lvgl_guider.elf.dir/C_/Users/admin/Desktop/Soubory/PraxeNXP/praxe-nxp/projekt/sdk/Core/lvgl/lvgl/src/extra/widgets/radiobtn/lv_radiobtn.c.obj
LOAD CMakeFiles/lvgl_guider.elf.dir/C_/Users/admin/Desktop/Soubory/PraxeNXP/praxe-nxp/projekt/sdk/Core/lvgl/lvgl/src/extra/widgets/span/lv_span.c.obj
LOAD CMakeFiles/lvgl_guider.elf.dir/C_/Users/admin/Desktop/Soubory/PraxeNXP/praxe-nxp/projekt/sdk/Core/lvgl/lvgl/src/extra/widgets/spinbox/lv_spinbox.c.obj
LOAD CMakeFiles/lvgl_guider.elf.dir/C_/Users/admin/Desktop/Soubory/PraxeNXP/praxe-nxp/projekt/sdk/Core/lvgl/lvgl/src/extra/widgets/spinner/lv_spinner.c.obj
LOAD CMakeFiles/lvgl_guider.elf.dir/C_/Users/admin/Desktop/Soubory/PraxeNXP/praxe-nxp/projekt/sdk/Core/lvgl/lvgl/src/extra/widgets/tabview/lv_tabview.c.obj
LOAD CMakeFiles/lvgl_guider.elf.dir/C_/Users/admin/Desktop/Soubory/PraxeNXP/praxe-nxp/projekt/sdk/Core/lvgl/lvgl/src/extra/widgets/textprogress/lv_textprogress.c.obj
LOAD CMakeFiles/lvgl_guider.elf.dir/C_/Users/admin/Desktop/Soubory/PraxeNXP/praxe-nxp/projekt/sdk/Core/lvgl/lvgl/src/extra/widgets/tileview/lv_tileview.c.obj
LOAD CMakeFiles/lvgl_guider.elf.dir/C_/Users/admin/Desktop/Soubory/PraxeNXP/praxe-nxp/projekt/sdk/Core/lvgl/lvgl/src/extra/widgets/video/lv_video.c.obj
LOAD CMakeFiles/lvgl_guider.elf.dir/C_/Users/admin/Desktop/Soubory/PraxeNXP/praxe-nxp/projekt/sdk/Core/lvgl/lvgl/src/extra/widgets/win/lv_win.c.obj
LOAD CMakeFiles/lvgl_guider.elf.dir/C_/Users/admin/Desktop/Soubory/PraxeNXP/praxe-nxp/projekt/sdk/Core/lvgl/lvgl/src/extra/widgets/menu/lv_menu.c.obj
LOAD CMakeFiles/lvgl_guider.elf.dir/C_/Users/admin/Desktop/Soubory/PraxeNXP/praxe-nxp/projekt/sdk/Core/utilities/fsl_sbrk.c.obj
LOAD CMakeFiles/lvgl_guider.elf.dir/C_/Users/admin/Desktop/Soubory/PraxeNXP/praxe-nxp/projekt/sdk/Core/utilities/fsl_syscall_stub.c.obj
LOAD CMakeFiles/lvgl_guider.elf.dir/C_/Users/admin/Desktop/Soubory/PraxeNXP/praxe-nxp/projekt/sdk/Core/utilities/fsl_memcpy.S.obj
LOAD CMakeFiles/lvgl_guider.elf.dir/C_/Users/admin/Desktop/Soubory/PraxeNXP/praxe-nxp/projekt/sdk/Core/utilities/fsl_assert.c.obj
LOAD CMakeFiles/lvgl_guider.elf.dir/C_/Users/admin/Desktop/Soubory/PraxeNXP/praxe-nxp/projekt/sdk/Core/utilities/fsl_str.c.obj
LOAD CMakeFiles/lvgl_guider.elf.dir/C_/Users/admin/Desktop/Soubory/PraxeNXP/praxe-nxp/projekt/sdk/Core/utilities/fsl_debug_console.c.obj
START GROUP
LOAD c:/nxp/mcuxpressoide_11.9.1_2170/ide/tools/bin/../lib/gcc/arm-none-eabi/12.3.1/thumb/v8-m.main+fp/hard\libm.a
LOAD c:/nxp/mcuxpressoide_11.9.1_2170/ide/tools/bin/../lib/gcc/arm-none-eabi/12.3.1/thumb/v8-m.main+fp/hard\libc_nano.a
LOAD c:/nxp/mcuxpressoide_11.9.1_2170/ide/tools/bin/../lib/gcc/arm-none-eabi/12.3.1/thumb/v8-m.main+fp/hard\libgcc.a
LOAD c:/nxp/mcuxpressoide_11.9.1_2170/ide/tools/bin/../lib/gcc/arm-none-eabi/12.3.1/thumb/v8-m.main+fp/hard\libnosys.a
END GROUP
START GROUP
LOAD c:/nxp/mcuxpressoide_11.9.1_2170/ide/tools/bin/../lib/gcc/arm-none-eabi/12.3.1/thumb/v8-m.main+fp/hard\libgcc.a
LOAD c:/nxp/mcuxpressoide_11.9.1_2170/ide/tools/bin/../lib/gcc/arm-none-eabi/12.3.1/thumb/v8-m.main+fp/hard\libc_nano.a
END GROUP
START GROUP
LOAD c:/nxp/mcuxpressoide_11.9.1_2170/ide/tools/bin/../lib/gcc/arm-none-eabi/12.3.1/thumb/v8-m.main+fp/hard\libgcc.a
LOAD c:/nxp/mcuxpressoide_11.9.1_2170/ide/tools/bin/../lib/gcc/arm-none-eabi/12.3.1/thumb/v8-m.main+fp/hard\libc_nano.a
LOAD c:/nxp/mcuxpressoide_11.9.1_2170/ide/tools/bin/../lib/gcc/arm-none-eabi/12.3.1/thumb/v8-m.main+fp/hard\libnosys.a
END GROUP
START GROUP
LOAD c:/nxp/mcuxpressoide_11.9.1_2170/ide/tools/bin/../lib/gcc/arm-none-eabi/12.3.1/thumb/v8-m.main+fp/hard\libgcc.a
LOAD c:/nxp/mcuxpressoide_11.9.1_2170/ide/tools/bin/../lib/gcc/arm-none-eabi/12.3.1/thumb/v8-m.main+fp/hard\libc_nano.a
LOAD c:/nxp/mcuxpressoide_11.9.1_2170/ide/tools/bin/../lib/gcc/arm-none-eabi/12.3.1/thumb/v8-m.main+fp/hard\libnosys.a
END GROUP
LOAD c:/nxp/mcuxpressoide_11.9.1_2170/ide/tools/bin/../lib/gcc/arm-none-eabi/12.3.1/thumb/v8-m.main+fp/hard/crtend.o
LOAD c:/nxp/mcuxpressoide_11.9.1_2170/ide/tools/bin/../lib/gcc/arm-none-eabi/12.3.1/thumb/v8-m.main+fp/hard/crtn.o
                0x00000400                        HEAP_SIZE = DEFINED (__heap_size__)?__heap_size__:0x400
                0x00000800                        STACK_SIZE = DEFINED (__stack_size__)?__stack_size__:0x800
                0x00000000                        RPMSG_SHMEM_SIZE = DEFINED (__use_shmem__)?0x2000:0x0
                0x00000000                        TEXT_START = DEFINED (__qspi_xip__)?0x80001000:0x0
                0x000c0000                        TEXT_SIZE = DEFINED (__qspi_xip__)?0xffff000:0xc0000

.core1_code     0x000c0000        0x0
                0x000c0000                        . = ALIGN (0x4)
 *(.core1_code)
 *(.core1_code*)
                0x000c0000                        . = ALIGN (0x4)

.noinit_rpmsg_sh_mem
                0x2004e000        0x0
                0x2004e000                        __RPMSG_SH_MEM_START__ = .
 *(.noinit.$rpmsg_sh_mem*)
                0x2004e000                        . = ALIGN (0x4)
                0x2004e000                        __RPMSG_SH_MEM_END__ = .

.flash_config   0x80000400        0x0
                0x80000400                        . = ALIGN (0x4)
                0x80000400                        __FLASH_BASE = .
 *(.flexspi_fcb)
                0x80000400                        . = ALIGN (0x4)

.interrupts     0x00000000      0x2b0
                0x00000000                        . = ALIGN (0x4)
 *(.isr_vector)
 .isr_vector    0x00000000      0x2b0 CMakeFiles/lvgl_guider.elf.dir/startup/startup_MCXN947_cm33_core0.S.obj
                0x00000000                __Vectors
                0x000002b0                        . = ALIGN (0x4)

.text           0x00000400    0x5def4
                0x00000400                        . = ALIGN (0x4)
 *(.text)
 .text          0x00000400       0x7c c:/nxp/mcuxpressoide_11.9.1_2170/ide/tools/bin/../lib/gcc/arm-none-eabi/12.3.1/thumb/v8-m.main+fp/hard/crt0.o
                0x00000400                _stack_init
                0x00000408                _start
                0x00000408                _mainCRTStartup
 .text          0x0000047c      0x5a0 CMakeFiles/lvgl_guider.elf.dir/startup/startup_MCXN947_cm33_core0.S.obj
                0x0000047c                Reset_Handler
                0x00000510                GPIO41_DriverIRQHandler
                0x00000510                PINT0_DriverIRQHandler
                0x00000510                WWDT1_DriverIRQHandler
                0x00000510                DebugMon_Handler
                0x00000510                NPU_DriverIRQHandler
                0x00000510                SINC_FILTER_DriverIRQHandler
                0x00000510                EMVSIM0_DriverIRQHandler
                0x00000510                I3C0_DriverIRQHandler
                0x00000510                USB0_FS_DriverIRQHandler
                0x00000510                PKC_ERR_DriverIRQHandler
                0x00000510                ENC1_WDG_SAB_DriverIRQHandler
                0x00000510                OS_EVENT_DriverIRQHandler
                0x00000510                FLEXPWM0_SUBMODULE0_DriverIRQHandler
                0x00000510                PLU_DriverIRQHandler
                0x00000510                ENC1_COMPARE_DriverIRQHandler
                0x00000510                ENC0_IDX_DriverIRQHandler
                0x00000510                CAN1_DriverIRQHandler
                0x00000510                SCG_DriverIRQHandler
                0x00000510                SCT0_DriverIRQHandler
                0x00000510                CMC0_DriverIRQHandler
                0x00000510                GPIO10_DriverIRQHandler
                0x00000510                LPTMR0_DriverIRQHandler
                0x00000510                GPIO50_DriverIRQHandler
                0x00000510                FLEXPWM1_SUBMODULE1_DriverIRQHandler
                0x00000510                FLEXPWM0_SUBMODULE1_DriverIRQHandler
                0x00000510                FLEXSPI0_DriverIRQHandler
                0x00000510                BusFault_Handler
                0x00000510                ENC0_COMPARE_DriverIRQHandler
                0x00000510                FLEXPWM0_RELOAD_ERROR_DriverIRQHandler
                0x00000510                I3C1_DriverIRQHandler
                0x00000510                EMVSIM1_DriverIRQHandler
                0x00000510                TRNG0_DriverIRQHandler
                0x00000510                SAI0_DriverIRQHandler
                0x00000510                SMARTDMA_DriverIRQHandler
                0x00000510                CAN0_DriverIRQHandler
                0x00000510                SEC_VIO_DriverIRQHandler
                0x00000510                CDOG0_DriverIRQHandler
                0x00000510                HSCMP0_DriverIRQHandler
                0x00000510                ERM_MULTI_BIT_ERROR_DriverIRQHandler
                0x00000510                GPIO51_DriverIRQHandler
                0x00000510                GPIO31_DriverIRQHandler
                0x00000510                EWM0_DriverIRQHandler
                0x00000510                PKC_DriverIRQHandler
                0x00000510                DAC2_DriverIRQHandler
                0x00000510                USB1_HS_DriverIRQHandler
                0x00000510                OR_DriverIRQHandler
                0x00000510                USB1_HS_PHY_DriverIRQHandler
                0x00000510                ELS_DriverIRQHandler
                0x00000510                ADC0_DriverIRQHandler
                0x00000510                FLEXPWM0_SUBMODULE3_DriverIRQHandler
                0x00000510                ENC1_IDX_DriverIRQHandler
                0x00000510                ETHERNET_DriverIRQHandler
                0x00000510                TSI_END_OF_SCAN_DriverIRQHandler
                0x00000510                Reserved81_DriverIRQHandler
                0x00000510                FLEXPWM1_SUBMODULE3_DriverIRQHandler
                0x00000510                DAC1_DriverIRQHandler
                0x00000510                Reserved85_DriverIRQHandler
                0x00000510                CTIMER2_DriverIRQHandler
                0x00000510                PORT_EFT_DriverIRQHandler
                0x00000510                GDET_DriverIRQHandler
                0x00000510                UsageFault_Handler
                0x00000510                ITRC0_DriverIRQHandler
                0x00000510                GPIO20_DriverIRQHandler
                0x00000510                ENC1_HOME_DriverIRQHandler
                0x00000510                ETB0_DriverIRQHandler
                0x00000510                Freqme_DriverIRQHandler
                0x00000510                Reserved80_DriverIRQHandler
                0x00000510                DefaultISR
                0x00000510                FLEXPWM1_SUBMODULE2_DriverIRQHandler
                0x00000510                GPIO40_DriverIRQHandler
                0x00000510                CTI0_DriverIRQHandler
                0x00000510                ELS_ERR_DriverIRQHandler
                0x00000510                DAC0_DriverIRQHandler
                0x00000510                MRT0_DriverIRQHandler
                0x00000510                UTICK0_DriverIRQHandler
                0x00000510                FLEXPWM0_SUBMODULE2_DriverIRQHandler
                0x00000510                GPIO01_DriverIRQHandler
                0x00000510                WWDT0_DriverIRQHandler
                0x00000510                LPTMR1_DriverIRQHandler
                0x00000510                USDHC0_DriverIRQHandler
                0x00000510                FMU0_DriverIRQHandler
                0x00000510                FLEXPWM1_RELOAD_ERROR_DriverIRQHandler
                0x00000510                GPIO00_DriverIRQHandler
                0x00000510                ETHERNET_PMT_DriverIRQHandler
                0x00000510                PDM_EVENT_DriverIRQHandler
                0x00000510                MemManage_Handler
                0x00000510                GPIO11_DriverIRQHandler
                0x00000510                HSCMP2_DriverIRQHandler
                0x00000510                Reserved65_DriverIRQHandler
                0x00000510                VBAT0_DriverIRQHandler
                0x00000510                CTIMER4_DriverIRQHandler
                0x00000510                RTC_DriverIRQHandler
                0x00000510                BSP32_DriverIRQHandler
                0x00000510                FLEXPWM0_FAULT_DriverIRQHandler
                0x00000510                HSCMP1_DriverIRQHandler
                0x00000510                SPC_DriverIRQHandler
                0x00000510                SAI1_DriverIRQHandler
                0x00000510                PUF_DriverIRQHandler
                0x00000510                ENC0_WDG_SAB_DriverIRQHandler
                0x00000510                TSI_OUT_OF_SCAN_DriverIRQHandler
                0x00000510                CDOG1_DriverIRQHandler
                0x00000510                SM3_DriverIRQHandler
                0x00000510                FLEXPWM1_SUBMODULE0_DriverIRQHandler
                0x00000510                ERM_SINGLE_BIT_ERROR_DriverIRQHandler
                0x00000510                CTIMER3_DriverIRQHandler
                0x00000510                GPIO21_DriverIRQHandler
                0x00000510                WUU_DriverIRQHandler
                0x00000510                MAILBOX_DriverIRQHandler
                0x00000510                USB0_DCD_DriverIRQHandler
                0x00000510                ETHERNET_MACLP_DriverIRQHandler
                0x00000510                PQ_DriverIRQHandler
                0x00000510                ENC0_HOME_DriverIRQHandler
                0x00000510                FLEXPWM1_FAULT_DriverIRQHandler
                0x00000510                GPIO30_DriverIRQHandler
                0x00000510                ADC1_DriverIRQHandler
                0x00000510                CTIMER0_DriverIRQHandler
                0x00000510                SecureFault_Handler
                0x00000510                CTIMER1_DriverIRQHandler
                0x00000510                SEC_HYPERVISOR_CALL_DriverIRQHandler
                0x00000514                NMI_Handler
                0x00000518                HardFault_Handler
                0x00000528                OR_IRQHandler
                0x0000052c                EDMA_0_CH0_IRQHandler
                0x00000530                EDMA_0_CH1_IRQHandler
                0x00000534                EDMA_0_CH2_IRQHandler
                0x00000538                EDMA_0_CH3_IRQHandler
                0x0000053c                EDMA_0_CH4_IRQHandler
                0x00000540                EDMA_0_CH5_IRQHandler
                0x00000544                EDMA_0_CH6_IRQHandler
                0x00000548                EDMA_0_CH7_IRQHandler
                0x0000054c                EDMA_0_CH8_IRQHandler
                0x00000550                EDMA_0_CH9_IRQHandler
                0x00000554                EDMA_0_CH10_IRQHandler
                0x00000558                EDMA_0_CH11_IRQHandler
                0x0000055c                EDMA_0_CH12_IRQHandler
                0x00000560                EDMA_0_CH13_IRQHandler
                0x00000564                EDMA_0_CH14_IRQHandler
                0x00000568                EDMA_0_CH15_IRQHandler
                0x0000056c                GPIO00_IRQHandler
                0x00000570                GPIO01_IRQHandler
                0x00000574                GPIO10_IRQHandler
                0x00000578                GPIO11_IRQHandler
                0x0000057c                GPIO20_IRQHandler
                0x00000580                GPIO21_IRQHandler
                0x00000584                GPIO30_IRQHandler
                0x00000588                GPIO31_IRQHandler
                0x0000058c                GPIO40_IRQHandler
                0x00000590                GPIO41_IRQHandler
                0x00000594                GPIO50_IRQHandler
                0x00000598                GPIO51_IRQHandler
                0x0000059c                UTICK0_IRQHandler
                0x000005a0                MRT0_IRQHandler
                0x000005a4                CTIMER0_IRQHandler
                0x000005a8                CTIMER1_IRQHandler
                0x000005ac                SCT0_IRQHandler
                0x000005b0                CTIMER2_IRQHandler
                0x000005b4                LP_FLEXCOMM0_IRQHandler
                0x000005b8                LP_FLEXCOMM1_IRQHandler
                0x000005bc                LP_FLEXCOMM2_IRQHandler
                0x000005c0                LP_FLEXCOMM3_IRQHandler
                0x000005c4                LP_FLEXCOMM4_IRQHandler
                0x000005c8                LP_FLEXCOMM5_IRQHandler
                0x000005cc                LP_FLEXCOMM6_IRQHandler
                0x000005d0                LP_FLEXCOMM7_IRQHandler
                0x000005d4                LP_FLEXCOMM8_IRQHandler
                0x000005d8                LP_FLEXCOMM9_IRQHandler
                0x000005dc                ADC0_IRQHandler
                0x000005e0                ADC1_IRQHandler
                0x000005e4                PINT0_IRQHandler
                0x000005e8                PDM_EVENT_IRQHandler
                0x000005ec                Reserved65_IRQHandler
                0x000005f0                USB0_FS_IRQHandler
                0x000005f4                USB0_DCD_IRQHandler
                0x000005f8                RTC_IRQHandler
                0x00000600                MAILBOX_IRQHandler
                0x00000604                CTIMER3_IRQHandler
                0x00000608                CTIMER4_IRQHandler
                0x0000060c                OS_EVENT_IRQHandler
                0x00000610                FLEXSPI0_IRQHandler
                0x00000614                SAI0_IRQHandler
                0x00000618                SAI1_IRQHandler
                0x0000061c                USDHC0_IRQHandler
                0x00000620                CAN0_IRQHandler
                0x00000624                CAN1_IRQHandler
                0x00000628                Reserved80_IRQHandler
                0x0000062c                Reserved81_IRQHandler
                0x00000630                USB1_HS_PHY_IRQHandler
                0x00000634                USB1_HS_IRQHandler
                0x00000638                SEC_HYPERVISOR_CALL_IRQHandler
                0x0000063c                Reserved85_IRQHandler
                0x00000640                PLU_IRQHandler
                0x00000644                Freqme_IRQHandler
                0x00000648                SEC_VIO_IRQHandler
                0x0000064c                ELS_IRQHandler
                0x00000650                PKC_IRQHandler
                0x00000654                PUF_IRQHandler
                0x00000658                PQ_IRQHandler
                0x0000065c                EDMA_1_CH0_IRQHandler
                0x00000660                EDMA_1_CH1_IRQHandler
                0x00000664                EDMA_1_CH2_IRQHandler
                0x00000668                EDMA_1_CH3_IRQHandler
                0x0000066c                EDMA_1_CH4_IRQHandler
                0x00000670                EDMA_1_CH5_IRQHandler
                0x00000674                EDMA_1_CH6_IRQHandler
                0x00000678                EDMA_1_CH7_IRQHandler
                0x0000067c                EDMA_1_CH8_IRQHandler
                0x00000680                EDMA_1_CH9_IRQHandler
                0x00000684                EDMA_1_CH10_IRQHandler
                0x00000688                EDMA_1_CH11_IRQHandler
                0x0000068c                EDMA_1_CH12_IRQHandler
                0x00000690                EDMA_1_CH13_IRQHandler
                0x00000694                EDMA_1_CH14_IRQHandler
                0x00000698                EDMA_1_CH15_IRQHandler
                0x0000069c                CDOG0_IRQHandler
                0x000006a0                CDOG1_IRQHandler
                0x000006a4                I3C0_IRQHandler
                0x000006a8                I3C1_IRQHandler
                0x000006ac                NPU_IRQHandler
                0x000006b0                GDET_IRQHandler
                0x000006b4                VBAT0_IRQHandler
                0x000006b8                EWM0_IRQHandler
                0x000006bc                TSI_END_OF_SCAN_IRQHandler
                0x000006c0                TSI_OUT_OF_SCAN_IRQHandler
                0x000006c4                EMVSIM0_IRQHandler
                0x000006c8                EMVSIM1_IRQHandler
                0x000006cc                FLEXIO_IRQHandler
                0x000006d0                DAC0_IRQHandler
                0x000006d4                DAC1_IRQHandler
                0x000006d8                DAC2_IRQHandler
                0x000006dc                HSCMP0_IRQHandler
                0x000006e0                HSCMP1_IRQHandler
                0x000006e4                HSCMP2_IRQHandler
                0x000006e8                FLEXPWM0_RELOAD_ERROR_IRQHandler
                0x000006ec                FLEXPWM0_FAULT_IRQHandler
                0x000006f0                FLEXPWM0_SUBMODULE0_IRQHandler
                0x000006f4                FLEXPWM0_SUBMODULE1_IRQHandler
                0x000006f8                FLEXPWM0_SUBMODULE2_IRQHandler
                0x000006fc                FLEXPWM0_SUBMODULE3_IRQHandler
                0x00000700                FLEXPWM1_RELOAD_ERROR_IRQHandler
                0x00000704                FLEXPWM1_FAULT_IRQHandler
                0x00000708                FLEXPWM1_SUBMODULE0_IRQHandler
                0x0000070c                FLEXPWM1_SUBMODULE1_IRQHandler
                0x00000710                FLEXPWM1_SUBMODULE2_IRQHandler
                0x00000714                FLEXPWM1_SUBMODULE3_IRQHandler
                0x00000718                ENC0_COMPARE_IRQHandler
                0x0000071c                ENC0_HOME_IRQHandler
                0x00000720                ENC0_WDG_SAB_IRQHandler
                0x00000724                ENC0_IDX_IRQHandler
                0x00000728                ENC1_COMPARE_IRQHandler
                0x0000072c                ENC1_HOME_IRQHandler
                0x00000730                ENC1_WDG_SAB_IRQHandler
                0x00000734                ENC1_IDX_IRQHandler
                0x00000738                ITRC0_IRQHandler
                0x0000073c                BSP32_IRQHandler
                0x00000740                ELS_ERR_IRQHandler
                0x00000744                PKC_ERR_IRQHandler
                0x00000748                ERM_SINGLE_BIT_ERROR_IRQHandler
                0x0000074c                ERM_MULTI_BIT_ERROR_IRQHandler
                0x00000750                FMU0_IRQHandler
                0x00000754                ETHERNET_IRQHandler
                0x00000758                ETHERNET_PMT_IRQHandler
                0x0000075c                ETHERNET_MACLP_IRQHandler
                0x00000760                SINC_FILTER_IRQHandler
                0x00000764                LPTMR0_IRQHandler
                0x00000768                LPTMR1_IRQHandler
                0x0000076c                SCG_IRQHandler
                0x00000770                SPC_IRQHandler
                0x00000774                WUU_IRQHandler
                0x00000778                PORT_EFT_IRQHandler
                0x0000077c                ETB0_IRQHandler
                0x00000780                SM3_IRQHandler
                0x00000784                TRNG0_IRQHandler
                0x00000788                WWDT0_IRQHandler
                0x0000078c                WWDT1_IRQHandler
                0x00000790                CMC0_IRQHandler
                0x00000794                CTI0_IRQHandler
 .text          0x00000a1c       0xa0 CMakeFiles/lvgl_guider.elf.dir/C_/Users/admin/Desktop/Soubory/PraxeNXP/praxe-nxp/projekt/sdk/Core/utilities/fsl_memcpy.S.obj
                0x00000a1c                memcpy
 .text          0x00000abc       0x14 c:/nxp/mcuxpressoide_11.9.1_2170/ide/tools/bin/../lib/gcc/arm-none-eabi/12.3.1/thumb/v8-m.main+fp/hard\libc_nano.a(libc_a-strcmp.o)
                0x00000abc                strcmp
 .text          0x00000ad0       0x10 c:/nxp/mcuxpressoide_11.9.1_2170/ide/tools/bin/../lib/gcc/arm-none-eabi/12.3.1/thumb/v8-m.main+fp/hard\libc_nano.a(libc_a-strlen.o)
                0x00000ad0                strlen
 .text          0x00000ae0       0x30 c:/nxp/mcuxpressoide_11.9.1_2170/ide/tools/bin/../lib/gcc/arm-none-eabi/12.3.1/thumb/v8-m.main+fp/hard\libgcc.a(_aeabi_uldivmod.o)
                0x00000ae0                __aeabi_uldivmod
 .text          0x00000b10      0x254 c:/nxp/mcuxpressoide_11.9.1_2170/ide/tools/bin/../lib/gcc/arm-none-eabi/12.3.1/thumb/v8-m.main+fp/hard\libgcc.a(_arm_muldf3.o)
                0x00000b10                __muldf3
                0x00000b10                __aeabi_dmul
 .text          0x00000d64        0x4 c:/nxp/mcuxpressoide_11.9.1_2170/ide/tools/bin/../lib/gcc/arm-none-eabi/12.3.1/thumb/v8-m.main+fp/hard\libgcc.a(_dvmd_tls.o)
                0x00000d64                __aeabi_idiv0
                0x00000d64                __aeabi_ldiv0
 .text          0x00000d68      0x378 c:/nxp/mcuxpressoide_11.9.1_2170/ide/tools/bin/../lib/gcc/arm-none-eabi/12.3.1/thumb/v8-m.main+fp/hard\libgcc.a(_arm_addsubdf3.o)
                0x00000d68                __aeabi_drsub
                0x00000d70                __aeabi_dsub
                0x00000d70                __subdf3
                0x00000d74                __aeabi_dadd
                0x00000d74                __adddf3
                0x00000fec                __floatunsidf
                0x00000fec                __aeabi_ui2d
                0x0000100c                __floatsidf
                0x0000100c                __aeabi_i2d
                0x00001030                __aeabi_f2d
                0x00001030                __extendsfdf2
                0x00001074                __floatundidf
                0x00001074                __aeabi_ul2d
                0x00001084                __floatdidf
                0x00001084                __aeabi_l2d
 .text          0x000010e0       0x40 c:/nxp/mcuxpressoide_11.9.1_2170/ide/tools/bin/../lib/gcc/arm-none-eabi/12.3.1/thumb/v8-m.main+fp/hard\libgcc.a(_arm_fixunsdfsi.o)
                0x000010e0                __aeabi_d2uiz
                0x000010e0                __fixunsdfsi
 *(.text*)
 .text.deregister_tm_clones
                0x00001120       0x1c c:/nxp/mcuxpressoide_11.9.1_2170/ide/tools/bin/../lib/gcc/arm-none-eabi/12.3.1/thumb/v8-m.main+fp/hard/crtbegin.o
 .text.register_tm_clones
                0x0000113c       0x28 c:/nxp/mcuxpressoide_11.9.1_2170/ide/tools/bin/../lib/gcc/arm-none-eabi/12.3.1/thumb/v8-m.main+fp/hard/crtbegin.o
 .text.__do_global_dtors_aux
                0x00001164       0x28 c:/nxp/mcuxpressoide_11.9.1_2170/ide/tools/bin/../lib/gcc/arm-none-eabi/12.3.1/thumb/v8-m.main+fp/hard/crtbegin.o
 .text.frame_dummy
                0x0000118c       0x24 c:/nxp/mcuxpressoide_11.9.1_2170/ide/tools/bin/../lib/gcc/arm-none-eabi/12.3.1/thumb/v8-m.main+fp/hard/crtbegin.o
 .text.BOARD_InitDebugConsole
                0x000011b0       0x2c CMakeFiles/lvgl_guider.elf.dir/C_/Users/admin/Desktop/Soubory/PraxeNXP/praxe-nxp/projekt/sdk/Core/board/board.c.obj
                0x000011b0                BOARD_InitDebugConsole
 .text.BOARD_LPI2C_Init
                0x000011dc       0x26 CMakeFiles/lvgl_guider.elf.dir/C_/Users/admin/Desktop/Soubory/PraxeNXP/praxe-nxp/projekt/sdk/Core/board/board.c.obj
                0x000011dc                BOARD_LPI2C_Init
 .text.BOARD_LPI2C_Send
                0x00001202       0x28 CMakeFiles/lvgl_guider.elf.dir/C_/Users/admin/Desktop/Soubory/PraxeNXP/praxe-nxp/projekt/sdk/Core/board/board.c.obj
                0x00001202                BOARD_LPI2C_Send
 .text.BOARD_LPI2C_Receive
                0x0000122a       0x2a CMakeFiles/lvgl_guider.elf.dir/C_/Users/admin/Desktop/Soubory/PraxeNXP/praxe-nxp/projekt/sdk/Core/board/board.c.obj
                0x0000122a                BOARD_LPI2C_Receive
 .text.BOARD_BootClockPLL150M
                0x00001254       0xb4 CMakeFiles/lvgl_guider.elf.dir/C_/Users/admin/Desktop/Soubory/PraxeNXP/praxe-nxp/projekt/sdk/Core/board/clock_config.c.obj
                0x00001254                BOARD_BootClockPLL150M
 .text.BOARD_InitBootClocks
                0x00001308        0x4 CMakeFiles/lvgl_guider.elf.dir/C_/Users/admin/Desktop/Soubory/PraxeNXP/praxe-nxp/projekt/sdk/Core/board/clock_config.c.obj
                0x00001308                BOARD_InitBootClocks
 .text.DEMO_SetCSPin
                0x0000130c       0x14 CMakeFiles/lvgl_guider.elf.dir/C_/Users/admin/Desktop/Soubory/PraxeNXP/praxe-nxp/projekt/sdk/Core/board/lvgl_support.c.obj
 .text.DEMO_SetRSPin
                0x00001320       0x14 CMakeFiles/lvgl_guider.elf.dir/C_/Users/admin/Desktop/Soubory/PraxeNXP/praxe-nxp/projekt/sdk/Core/board/lvgl_support.c.obj
 .text.DEMO_TouchConfigIntPin
                0x00001334       0x24 CMakeFiles/lvgl_guider.elf.dir/C_/Users/admin/Desktop/Soubory/PraxeNXP/praxe-nxp/projekt/sdk/Core/board/lvgl_support.c.obj
                0x00001334                DEMO_TouchConfigIntPin
 .text.DEMO_TouchConfigResetPin
                0x00001358        0x2 CMakeFiles/lvgl_guider.elf.dir/C_/Users/admin/Desktop/Soubory/PraxeNXP/praxe-nxp/projekt/sdk/Core/board/lvgl_support.c.obj
                0x00001358                DEMO_TouchConfigResetPin
 *fill*         0x0000135a        0x2 
 .text.DEMO_LCD_I2C_Send
                0x0000135c       0x20 CMakeFiles/lvgl_guider.elf.dir/C_/Users/admin/Desktop/Soubory/PraxeNXP/praxe-nxp/projekt/sdk/Core/board/lvgl_support.c.obj
                0x0000135c                DEMO_LCD_I2C_Send
 .text.DEMO_LCD_I2C_Receive
                0x0000137c       0x20 CMakeFiles/lvgl_guider.elf.dir/C_/Users/admin/Desktop/Soubory/PraxeNXP/praxe-nxp/projekt/sdk/Core/board/lvgl_support.c.obj
                0x0000137c                DEMO_LCD_I2C_Receive
 .text.DEMO_TouchDelayMs
                0x0000139c        0xe CMakeFiles/lvgl_guider.elf.dir/C_/Users/admin/Desktop/Soubory/PraxeNXP/praxe-nxp/projekt/sdk/Core/board/lvgl_support.c.obj
                0x0000139c                DEMO_TouchDelayMs
 *fill*         0x000013aa        0x2 
 .text.DEMO_FlushDisplay
                0x000013ac       0x68 CMakeFiles/lvgl_guider.elf.dir/C_/Users/admin/Desktop/Soubory/PraxeNXP/praxe-nxp/projekt/sdk/Core/board/lvgl_support.c.obj
 .text.DEMO_DbiMemoryDoneCallback
                0x00001414       0x2c CMakeFiles/lvgl_guider.elf.dir/C_/Users/admin/Desktop/Soubory/PraxeNXP/praxe-nxp/projekt/sdk/Core/board/lvgl_support.c.obj
 .text.DEMO_ReadTouch
                0x00001440       0xd0 CMakeFiles/lvgl_guider.elf.dir/C_/Users/admin/Desktop/Soubory/PraxeNXP/praxe-nxp/projekt/sdk/Core/board/lvgl_support.c.obj
 .text.DEMO_LCD_I2C_Init
                0x00001510       0x18 CMakeFiles/lvgl_guider.elf.dir/C_/Users/admin/Desktop/Soubory/PraxeNXP/praxe-nxp/projekt/sdk/Core/board/lvgl_support.c.obj
                0x00001510                DEMO_LCD_I2C_Init
 .text.lv_port_pre_init
                0x00001528        0x2 CMakeFiles/lvgl_guider.elf.dir/C_/Users/admin/Desktop/Soubory/PraxeNXP/praxe-nxp/projekt/sdk/Core/board/lvgl_support.c.obj
                0x00001528                lv_port_pre_init
 *fill*         0x0000152a        0x2 
 .text.lv_port_disp_init
                0x0000152c      0x1b0 CMakeFiles/lvgl_guider.elf.dir/C_/Users/admin/Desktop/Soubory/PraxeNXP/praxe-nxp/projekt/sdk/Core/board/lvgl_support.c.obj
                0x0000152c                lv_port_disp_init
 .text.lv_port_indev_init
                0x000016dc       0x4c CMakeFiles/lvgl_guider.elf.dir/C_/Users/admin/Desktop/Soubory/PraxeNXP/praxe-nxp/projekt/sdk/Core/board/lvgl_support.c.obj
                0x000016dc                lv_port_indev_init
 .text.BOARD_InitPins
                0x00001728       0x22 CMakeFiles/lvgl_guider.elf.dir/C_/Users/admin/Desktop/Soubory/PraxeNXP/praxe-nxp/projekt/sdk/Core/board/pin_mux.c.obj
                0x00001728                BOARD_InitPins
 *fill*         0x0000174a        0x2 
 .text.BOARD_InitLcdPins
                0x0000174c      0x10c CMakeFiles/lvgl_guider.elf.dir/C_/Users/admin/Desktop/Soubory/PraxeNXP/praxe-nxp/projekt/sdk/Core/board/pin_mux.c.obj
                0x0000174c                BOARD_InitLcdPins
 .text.BOARD_InitBootPins
                0x00001858        0xe CMakeFiles/lvgl_guider.elf.dir/C_/Users/admin/Desktop/Soubory/PraxeNXP/praxe-nxp/projekt/sdk/Core/board/pin_mux.c.obj
                0x00001858                BOARD_InitBootPins
 *fill*         0x00001866        0x2 
 .text.DEMO_InitUsTimer
                0x00001868       0x14 CMakeFiles/lvgl_guider.elf.dir/C_/Users/admin/Desktop/Soubory/PraxeNXP/praxe-nxp/projekt/sdk/Core/source/lvgl_demo_utils.c.obj
                0x00001868                DEMO_InitUsTimer
 .text.DEMO_GetCpuClockFreq
                0x0000187c        0xc CMakeFiles/lvgl_guider.elf.dir/C_/Users/admin/Desktop/Soubory/PraxeNXP/praxe-nxp/projekt/sdk/Core/source/lvgl_demo_utils.c.obj
                0x0000187c                DEMO_GetCpuClockFreq
 .text.getIdleTaskTime
                0x00001888       0x28 CMakeFiles/lvgl_guider.elf.dir/C_/Users/admin/Desktop/Soubory/PraxeNXP/praxe-nxp/projekt/sdk/Core/source/lvgl_freertos.c.obj
                0x00001888                getIdleTaskTime
 .text.resetIdleTaskTime
                0x000018b0       0x10 CMakeFiles/lvgl_guider.elf.dir/C_/Users/admin/Desktop/Soubory/PraxeNXP/praxe-nxp/projekt/sdk/Core/source/lvgl_freertos.c.obj
                0x000018b0                resetIdleTaskTime
 .text.traceTaskSwitchedOut
                0x000018c0       0x54 CMakeFiles/lvgl_guider.elf.dir/C_/Users/admin/Desktop/Soubory/PraxeNXP/praxe-nxp/projekt/sdk/Core/source/lvgl_freertos.c.obj
                0x000018c0                traceTaskSwitchedOut
 .text.traceTaskSwitchedIn
                0x00001914       0x20 CMakeFiles/lvgl_guider.elf.dir/C_/Users/admin/Desktop/Soubory/PraxeNXP/praxe-nxp/projekt/sdk/Core/source/lvgl_freertos.c.obj
                0x00001914                traceTaskSwitchedIn
 .text.i2c_release_bus_delay
                0x00001934        0xc CMakeFiles/lvgl_guider.elf.dir/C_/Users/admin/Desktop/Soubory/PraxeNXP/praxe-nxp/projekt/sdk/Core/source/lvgl_guider.c.obj
 .text.reset_idle_time_cb
                0x00001940        0x4 CMakeFiles/lvgl_guider.elf.dir/C_/Users/admin/Desktop/Soubory/PraxeNXP/praxe-nxp/projekt/sdk/Core/source/lvgl_guider.c.obj
 .text.get_idle_time_cb
                0x00001944       0x12 CMakeFiles/lvgl_guider.elf.dir/C_/Users/admin/Desktop/Soubory/PraxeNXP/praxe-nxp/projekt/sdk/Core/source/lvgl_guider.c.obj
 *fill*         0x00001956        0x2 
 .text.AppTask  0x00001958       0x54 CMakeFiles/lvgl_guider.elf.dir/C_/Users/admin/Desktop/Soubory/PraxeNXP/praxe-nxp/projekt/sdk/Core/source/lvgl_guider.c.obj
 .text.BOARD_I2C_ReleaseBus
                0x000019ac       0x88 CMakeFiles/lvgl_guider.elf.dir/C_/Users/admin/Desktop/Soubory/PraxeNXP/praxe-nxp/projekt/sdk/Core/source/lvgl_guider.c.obj
                0x000019ac                BOARD_I2C_ReleaseBus
 .text.startup.main
                0x00001a34       0xb4 CMakeFiles/lvgl_guider.elf.dir/C_/Users/admin/Desktop/Soubory/PraxeNXP/praxe-nxp/projekt/sdk/Core/source/lvgl_guider.c.obj
                0x00001a34                main
 .text.vApplicationMallocFailedHook
                0x00001ae8       0x10 CMakeFiles/lvgl_guider.elf.dir/C_/Users/admin/Desktop/Soubory/PraxeNXP/praxe-nxp/projekt/sdk/Core/source/lvgl_guider.c.obj
                0x00001ae8                vApplicationMallocFailedHook
 .text.vApplicationTickHook
                0x00001af8       0x14 CMakeFiles/lvgl_guider.elf.dir/C_/Users/admin/Desktop/Soubory/PraxeNXP/praxe-nxp/projekt/sdk/Core/source/lvgl_guider.c.obj
                0x00001af8                vApplicationTickHook
 .text.vApplicationStackOverflowHook
                0x00001b0c        0x2 CMakeFiles/lvgl_guider.elf.dir/C_/Users/admin/Desktop/Soubory/PraxeNXP/praxe-nxp/projekt/sdk/Core/source/lvgl_guider.c.obj
                0x00001b0c                vApplicationStackOverflowHook
 .text.custom_init
                0x00001b0e        0x2 CMakeFiles/lvgl_guider.elf.dir/C_/Users/admin/Desktop/Soubory/PraxeNXP/praxe-nxp/projekt/custom/custom.c.obj
                0x00001b0e                custom_init
 .text.hide.0   0x00001b10       0x6c CMakeFiles/lvgl_guider.elf.dir/C_/Users/admin/Desktop/Soubory/PraxeNXP/praxe-nxp/projekt/generated/events_init.c.obj
 .text.screen_event_handler
                0x00001b7c      0x16c CMakeFiles/lvgl_guider.elf.dir/C_/Users/admin/Desktop/Soubory/PraxeNXP/praxe-nxp/projekt/generated/events_init.c.obj
 .text.hide.1   0x00001ce8       0x80 CMakeFiles/lvgl_guider.elf.dir/C_/Users/admin/Desktop/Soubory/PraxeNXP/praxe-nxp/projekt/generated/events_init.c.obj
 .text.screen_1_event_handler
                0x00001d68      0x128 CMakeFiles/lvgl_guider.elf.dir/C_/Users/admin/Desktop/Soubory/PraxeNXP/praxe-nxp/projekt/generated/events_init.c.obj
 .text.screen_menu_event_handler
                0x00001e90      0x120 CMakeFiles/lvgl_guider.elf.dir/C_/Users/admin/Desktop/Soubory/PraxeNXP/praxe-nxp/projekt/generated/events_init.c.obj
 .text.anim_y_cb.3
                0x00001fb0        0x6 CMakeFiles/lvgl_guider.elf.dir/C_/Users/admin/Desktop/Soubory/PraxeNXP/praxe-nxp/projekt/generated/events_init.c.obj
 *fill*         0x00001fb6        0x2 
 .text.screen_2_event_handler
                0x00001fb8       0xc8 CMakeFiles/lvgl_guider.elf.dir/C_/Users/admin/Desktop/Soubory/PraxeNXP/praxe-nxp/projekt/generated/events_init.c.obj
 .text.anim_deleted_cb.2
                0x00002080       0x24 CMakeFiles/lvgl_guider.elf.dir/C_/Users/admin/Desktop/Soubory/PraxeNXP/praxe-nxp/projekt/generated/events_init.c.obj
 .text.screen_off_event_handler
                0x000020a4       0x54 CMakeFiles/lvgl_guider.elf.dir/C_/Users/admin/Desktop/Soubory/PraxeNXP/praxe-nxp/projekt/generated/events_init.c.obj
 .text.screen_1_qrcode_2_event_handler
                0x000020f8       0x20 CMakeFiles/lvgl_guider.elf.dir/C_/Users/admin/Desktop/Soubory/PraxeNXP/praxe-nxp/projekt/generated/events_init.c.obj
 .text.screen_menu_img_power_off_event_handler
                0x00002118       0x58 CMakeFiles/lvgl_guider.elf.dir/C_/Users/admin/Desktop/Soubory/PraxeNXP/praxe-nxp/projekt/generated/events_init.c.obj
 .text.screen_menu_img_sound_off_event_handler
                0x00002170       0x30 CMakeFiles/lvgl_guider.elf.dir/C_/Users/admin/Desktop/Soubory/PraxeNXP/praxe-nxp/projekt/generated/events_init.c.obj
 .text.screen_menu_img_wlan_off_event_handler
                0x000021a0       0x30 CMakeFiles/lvgl_guider.elf.dir/C_/Users/admin/Desktop/Soubory/PraxeNXP/praxe-nxp/projekt/generated/events_init.c.obj
 .text.screen_menu_img_wlan_on_event_handler
                0x000021d0       0x30 CMakeFiles/lvgl_guider.elf.dir/C_/Users/admin/Desktop/Soubory/PraxeNXP/praxe-nxp/projekt/generated/events_init.c.obj
 .text.screen_menu_img_blue_off_event_handler
                0x00002200       0x30 CMakeFiles/lvgl_guider.elf.dir/C_/Users/admin/Desktop/Soubory/PraxeNXP/praxe-nxp/projekt/generated/events_init.c.obj
 .text.screen_menu_img_blue_on_event_handler
                0x00002230       0x30 CMakeFiles/lvgl_guider.elf.dir/C_/Users/admin/Desktop/Soubory/PraxeNXP/praxe-nxp/projekt/generated/events_init.c.obj
 .text.screen_menu_img_bell_off_event_handler
                0x00002260       0x30 CMakeFiles/lvgl_guider.elf.dir/C_/Users/admin/Desktop/Soubory/PraxeNXP/praxe-nxp/projekt/generated/events_init.c.obj
 .text.screen_menu_img_bell_on_event_handler
                0x00002290       0x30 CMakeFiles/lvgl_guider.elf.dir/C_/Users/admin/Desktop/Soubory/PraxeNXP/praxe-nxp/projekt/generated/events_init.c.obj
 .text.screen_menu_img_sound_on_event_handler
                0x000022c0       0x30 CMakeFiles/lvgl_guider.elf.dir/C_/Users/admin/Desktop/Soubory/PraxeNXP/praxe-nxp/projekt/generated/events_init.c.obj
 .text.screen_1_btn_1_event_handler
                0x000022f0       0x40 CMakeFiles/lvgl_guider.elf.dir/C_/Users/admin/Desktop/Soubory/PraxeNXP/praxe-nxp/projekt/generated/events_init.c.obj
 .text.screen_1_btn_qr_2_event_handler
                0x00002330       0x4c CMakeFiles/lvgl_guider.elf.dir/C_/Users/admin/Desktop/Soubory/PraxeNXP/praxe-nxp/projekt/generated/events_init.c.obj
 .text.screen_1_btn_qr_1_event_handler
                0x0000237c       0x4c CMakeFiles/lvgl_guider.elf.dir/C_/Users/admin/Desktop/Soubory/PraxeNXP/praxe-nxp/projekt/generated/events_init.c.obj
 .text.screen_2_img_8_event_handler
                0x000023c8       0x68 CMakeFiles/lvgl_guider.elf.dir/C_/Users/admin/Desktop/Soubory/PraxeNXP/praxe-nxp/projekt/generated/events_init.c.obj
 .text.screen_2_btn_1_event_handler
                0x00002430       0x88 CMakeFiles/lvgl_guider.elf.dir/C_/Users/admin/Desktop/Soubory/PraxeNXP/praxe-nxp/projekt/generated/events_init.c.obj
 .text.events_init_screen
                0x000024b8       0x10 CMakeFiles/lvgl_guider.elf.dir/C_/Users/admin/Desktop/Soubory/PraxeNXP/praxe-nxp/projekt/generated/events_init.c.obj
                0x000024b8                events_init_screen
 .text.events_init_screen_1
                0x000024c8       0x58 CMakeFiles/lvgl_guider.elf.dir/C_/Users/admin/Desktop/Soubory/PraxeNXP/praxe-nxp/projekt/generated/events_init.c.obj
                0x000024c8                events_init_screen_1
 .text.events_init_screen_2
                0x00002520       0x40 CMakeFiles/lvgl_guider.elf.dir/C_/Users/admin/Desktop/Soubory/PraxeNXP/praxe-nxp/projekt/generated/events_init.c.obj
                0x00002520                events_init_screen_2
 .text.events_init_screen_menu
                0x00002560       0xbc CMakeFiles/lvgl_guider.elf.dir/C_/Users/admin/Desktop/Soubory/PraxeNXP/praxe-nxp/projekt/generated/events_init.c.obj
                0x00002560                events_init_screen_menu
 .text.events_init_screen_off
                0x0000261c       0x14 CMakeFiles/lvgl_guider.elf.dir/C_/Users/admin/Desktop/Soubory/PraxeNXP/praxe-nxp/projekt/generated/events_init.c.obj
                0x0000261c                events_init_screen_off
 .text.events_init
                0x00002630        0x2 CMakeFiles/lvgl_guider.elf.dir/C_/Users/admin/Desktop/Soubory/PraxeNXP/praxe-nxp/projekt/generated/events_init.c.obj
                0x00002630                events_init
 .text.ui_load_scr_animation
                0x00002632       0x4c CMakeFiles/lvgl_guider.elf.dir/C_/Users/admin/Desktop/Soubory/PraxeNXP/praxe-nxp/projekt/generated/gui_guider.c.obj
                0x00002632                ui_load_scr_animation
 .text.init_scr_del_flag
                0x0000267e       0x1a CMakeFiles/lvgl_guider.elf.dir/C_/Users/admin/Desktop/Soubory/PraxeNXP/praxe-nxp/projekt/generated/gui_guider.c.obj
                0x0000267e                init_scr_del_flag
 .text.setup_ui
                0x00002698       0x16 CMakeFiles/lvgl_guider.elf.dir/C_/Users/admin/Desktop/Soubory/PraxeNXP/praxe-nxp/projekt/generated/gui_guider.c.obj
                0x00002698                setup_ui
 *fill*         0x000026ae        0x2 
 .text.setup_scr_screen
                0x000026b0      0x638 CMakeFiles/lvgl_guider.elf.dir/C_/Users/admin/Desktop/Soubory/PraxeNXP/praxe-nxp/projekt/generated/setup_scr_screen.c.obj
                0x000026b0                setup_scr_screen
 .text.lv_obj_set_style_pad_all.constprop.0
                0x00002ce8       0x2e CMakeFiles/lvgl_guider.elf.dir/C_/Users/admin/Desktop/Soubory/PraxeNXP/praxe-nxp/projekt/generated/setup_scr_screen_1.c.obj
 *fill*         0x00002d16        0x2 
 .text.setup_scr_screen_1
                0x00002d18      0xa04 CMakeFiles/lvgl_guider.elf.dir/C_/Users/admin/Desktop/Soubory/PraxeNXP/praxe-nxp/projekt/generated/setup_scr_screen_1.c.obj
                0x00002d18                setup_scr_screen_1
 .text.setup_scr_screen_2
                0x0000371c      0x4ac CMakeFiles/lvgl_guider.elf.dir/C_/Users/admin/Desktop/Soubory/PraxeNXP/praxe-nxp/projekt/generated/setup_scr_screen_2.c.obj
                0x0000371c                setup_scr_screen_2
 .text.setup_scr_screen_menu
                0x00003bc8      0x3c0 CMakeFiles/lvgl_guider.elf.dir/C_/Users/admin/Desktop/Soubory/PraxeNXP/praxe-nxp/projekt/generated/setup_scr_screen_menu.c.obj
                0x00003bc8                setup_scr_screen_menu
 .text.setup_scr_screen_off
                0x00003f88       0x90 CMakeFiles/lvgl_guider.elf.dir/C_/Users/admin/Desktop/Soubory/PraxeNXP/praxe-nxp/projekt/generated/setup_scr_screen_off.c.obj
                0x00003f88                setup_scr_screen_off
 .text.kb_event_cb
                0x00004018       0x24 CMakeFiles/lvgl_guider.elf.dir/C_/Users/admin/Desktop/Soubory/PraxeNXP/praxe-nxp/projekt/generated/widgets_init.c.obj
                0x00004018                kb_event_cb
 .text.ta_event_cb
                0x0000403c       0x6a CMakeFiles/lvgl_guider.elf.dir/C_/Users/admin/Desktop/Soubory/PraxeNXP/praxe-nxp/projekt/generated/widgets_init.c.obj
                0x0000403c                ta_event_cb
 *fill*         0x000040a6        0x2 
 .text.screen_digital_clock_1_timer
                0x000040a8       0x44 CMakeFiles/lvgl_guider.elf.dir/C_/Users/admin/Desktop/Soubory/PraxeNXP/praxe-nxp/projekt/generated/widgets_init.c.obj
                0x000040a8                screen_digital_clock_1_timer
 .text.HAL_UartInit
                0x000040ec       0x9c CMakeFiles/lvgl_guider.elf.dir/C_/Users/admin/Desktop/Soubory/PraxeNXP/praxe-nxp/projekt/sdk/Core/component/uart/fsl_adapter_lpuart.c.obj
                0x000040ec                HAL_UartInit
 .text.HAL_UartReceiveBlocking
                0x00004188       0x20 CMakeFiles/lvgl_guider.elf.dir/C_/Users/admin/Desktop/Soubory/PraxeNXP/praxe-nxp/projekt/sdk/Core/component/uart/fsl_adapter_lpuart.c.obj
                0x00004188                HAL_UartReceiveBlocking
 .text.HAL_UartSendBlocking
                0x000041a8       0x18 CMakeFiles/lvgl_guider.elf.dir/C_/Users/admin/Desktop/Soubory/PraxeNXP/praxe-nxp/projekt/sdk/Core/component/uart/fsl_adapter_lpuart.c.obj
                0x000041a8                HAL_UartSendBlocking
 .text.SystemInitHook
                0x000041c0        0x2 CMakeFiles/lvgl_guider.elf.dir/C_/Users/admin/Desktop/Soubory/PraxeNXP/praxe-nxp/projekt/sdk/Core/device/system_MCXN947_cm33_core0.c.obj
                0x000041c0                SystemInitHook
 *fill*         0x000041c2        0x2 
 .text.SystemInit
                0x000041c4       0xc8 CMakeFiles/lvgl_guider.elf.dir/C_/Users/admin/Desktop/Soubory/PraxeNXP/praxe-nxp/projekt/sdk/Core/device/system_MCXN947_cm33_core0.c.obj
                0x000041c4                SystemInit
 .text.CLOCK_GetFro12MFreq
                0x0000428c       0x1c CMakeFiles/lvgl_guider.elf.dir/C_/Users/admin/Desktop/Soubory/PraxeNXP/praxe-nxp/projekt/sdk/Core/drivers/fsl_clock.c.obj
 .text.CLOCK_GetClk48MFreq
                0x000042a8       0x1c CMakeFiles/lvgl_guider.elf.dir/C_/Users/admin/Desktop/Soubory/PraxeNXP/praxe-nxp/projekt/sdk/Core/drivers/fsl_clock.c.obj
 .text.CLOCK_GetExtClkFreq
                0x000042c4       0x1c CMakeFiles/lvgl_guider.elf.dir/C_/Users/admin/Desktop/Soubory/PraxeNXP/praxe-nxp/projekt/sdk/Core/drivers/fsl_clock.c.obj
 .text.CLOCK_GetFroHfFreq
                0x000042e0       0x2c CMakeFiles/lvgl_guider.elf.dir/C_/Users/admin/Desktop/Soubory/PraxeNXP/praxe-nxp/projekt/sdk/Core/drivers/fsl_clock.c.obj
 .text.CLOCK_GetOsc32KFreq
                0x0000430c       0x28 CMakeFiles/lvgl_guider.elf.dir/C_/Users/admin/Desktop/Soubory/PraxeNXP/praxe-nxp/projekt/sdk/Core/drivers/fsl_clock.c.obj
 .text.CLOCK_GetLposcFreq
                0x00004334       0x18 CMakeFiles/lvgl_guider.elf.dir/C_/Users/admin/Desktop/Soubory/PraxeNXP/praxe-nxp/projekt/sdk/Core/drivers/fsl_clock.c.obj
 .text.CLOCK_SetupFROHFClocking
                0x0000434c       0x68 CMakeFiles/lvgl_guider.elf.dir/C_/Users/admin/Desktop/Soubory/PraxeNXP/praxe-nxp/projekt/sdk/Core/drivers/fsl_clock.c.obj
                0x0000434c                CLOCK_SetupFROHFClocking
 .text.CLOCK_SetPll0MonitorMode
                0x000043b4       0x18 CMakeFiles/lvgl_guider.elf.dir/C_/Users/admin/Desktop/Soubory/PraxeNXP/praxe-nxp/projekt/sdk/Core/drivers/fsl_clock.c.obj
                0x000043b4                CLOCK_SetPll0MonitorMode
 .text.CLOCK_AttachClk
                0x000043cc       0x60 CMakeFiles/lvgl_guider.elf.dir/C_/Users/admin/Desktop/Soubory/PraxeNXP/praxe-nxp/projekt/sdk/Core/drivers/fsl_clock.c.obj
                0x000043cc                CLOCK_AttachClk
 .text.CLOCK_SetClkDiv
                0x0000442c       0x22 CMakeFiles/lvgl_guider.elf.dir/C_/Users/admin/Desktop/Soubory/PraxeNXP/praxe-nxp/projekt/sdk/Core/drivers/fsl_clock.c.obj
                0x0000442c                CLOCK_SetClkDiv
 *fill*         0x0000444e        0x2 
 .text.CLOCK_GetPLL0InClockRate
                0x00004450       0x2c CMakeFiles/lvgl_guider.elf.dir/C_/Users/admin/Desktop/Soubory/PraxeNXP/praxe-nxp/projekt/sdk/Core/drivers/fsl_clock.c.obj
                0x00004450                CLOCK_GetPLL0InClockRate
 .text.CLOCK_GetPll0OutFreq
                0x0000447c       0xe8 CMakeFiles/lvgl_guider.elf.dir/C_/Users/admin/Desktop/Soubory/PraxeNXP/praxe-nxp/projekt/sdk/Core/drivers/fsl_clock.c.obj
                0x0000447c                CLOCK_GetPll0OutFreq
 .text.CLOCK_GetPLL1InClockRate
                0x00004564       0x2c CMakeFiles/lvgl_guider.elf.dir/C_/Users/admin/Desktop/Soubory/PraxeNXP/praxe-nxp/projekt/sdk/Core/drivers/fsl_clock.c.obj
                0x00004564                CLOCK_GetPLL1InClockRate
 .text.CLOCK_GetPll1OutFreq
                0x00004590       0xe8 CMakeFiles/lvgl_guider.elf.dir/C_/Users/admin/Desktop/Soubory/PraxeNXP/praxe-nxp/projekt/sdk/Core/drivers/fsl_clock.c.obj
                0x00004590                CLOCK_GetPll1OutFreq
 .text.CLOCK_GetPllClkDivFreq
                0x00004678       0x3c CMakeFiles/lvgl_guider.elf.dir/C_/Users/admin/Desktop/Soubory/PraxeNXP/praxe-nxp/projekt/sdk/Core/drivers/fsl_clock.c.obj
                0x00004678                CLOCK_GetPllClkDivFreq
 .text.CLOCK_GetLPFlexCommClkFreq
                0x000046b4       0x5c CMakeFiles/lvgl_guider.elf.dir/C_/Users/admin/Desktop/Soubory/PraxeNXP/praxe-nxp/projekt/sdk/Core/drivers/fsl_clock.c.obj
                0x000046b4                CLOCK_GetLPFlexCommClkFreq
 .text.CLOCK_GetFlexioClkFreq
                0x00004710       0x58 CMakeFiles/lvgl_guider.elf.dir/C_/Users/admin/Desktop/Soubory/PraxeNXP/praxe-nxp/projekt/sdk/Core/drivers/fsl_clock.c.obj
                0x00004710                CLOCK_GetFlexioClkFreq
 .text.CLOCK_SetPLL0Freq
                0x00004768       0xc4 CMakeFiles/lvgl_guider.elf.dir/C_/Users/admin/Desktop/Soubory/PraxeNXP/praxe-nxp/projekt/sdk/Core/drivers/fsl_clock.c.obj
                0x00004768                CLOCK_SetPLL0Freq
 .text.MSDK_EnableCpuCycleCounter
                0x0000482c       0x30 CMakeFiles/lvgl_guider.elf.dir/C_/Users/admin/Desktop/Soubory/PraxeNXP/praxe-nxp/projekt/sdk/Core/drivers/fsl_common_arm.c.obj
                0x0000482c                MSDK_EnableCpuCycleCounter
 .text.MSDK_GetCpuCycleCount
                0x0000485c        0xc CMakeFiles/lvgl_guider.elf.dir/C_/Users/admin/Desktop/Soubory/PraxeNXP/praxe-nxp/projekt/sdk/Core/drivers/fsl_common_arm.c.obj
                0x0000485c                MSDK_GetCpuCycleCount
 .text.SDK_DelayAtLeastUs
                0x00004868       0x20 CMakeFiles/lvgl_guider.elf.dir/C_/Users/admin/Desktop/Soubory/PraxeNXP/praxe-nxp/projekt/sdk/Core/drivers/fsl_common_arm.c.obj
                0x00004868                SDK_DelayAtLeastUs
 .text.DBI_FLEXIO_SMARTDMA_TransferCompletedCallback
                0x00004888       0x18 CMakeFiles/lvgl_guider.elf.dir/C_/Users/admin/Desktop/Soubory/PraxeNXP/praxe-nxp/projekt/sdk/Core/video/fsl_dbi_flexio_smartdma.c.obj
 .text.DBI_FLEXIO_SMARTDMA_SetMemoryDoneCallback
                0x000048a0        0x6 CMakeFiles/lvgl_guider.elf.dir/C_/Users/admin/Desktop/Soubory/PraxeNXP/praxe-nxp/projekt/sdk/Core/video/fsl_dbi_flexio_smartdma.c.obj
                0x000048a0                DBI_FLEXIO_SMARTDMA_SetMemoryDoneCallback
 .text.DBI_FLEXIO_SMARTDMA_ReadMemory
                0x000048a6        0x4 CMakeFiles/lvgl_guider.elf.dir/C_/Users/admin/Desktop/Soubory/PraxeNXP/praxe-nxp/projekt/sdk/Core/video/fsl_dbi_flexio_smartdma.c.obj
                0x000048a6                DBI_FLEXIO_SMARTDMA_ReadMemory